[2026-07-25T16:12:33.706+0000] {manager.py:469} INFO - Processing files using up to 1 processes at a time 
[2026-07-25T16:12:33.709+0000] {manager.py:470} INFO - Process each file at most once every 30 seconds
[2026-07-25T16:12:33.710+0000] {manager.py:471} INFO - Checking for new files in /opt/airflow/dags every 300 seconds
[2026-07-25T16:12:33.711+0000] {manager.py:738} INFO - Searching for files in /opt/airflow/dags
[2026-07-25T16:12:33.723+0000] {manager.py:741} INFO - There are 1 files in /opt/airflow/dags
[2026-07-25T16:12:38.190+0000] {manager.py:879} INFO - 
================================================================================
DAG File Processing Stats

File Path                            PID    Runtime      # DAGs    # Errors  Last Runtime    Last Run
-----------------------------------  -----  ---------  --------  ----------  --------------  -------------------
/opt/airflow/dags/retail_etl_dag.py                           1           0  3.12s           2026-07-25T16:12:38
================================================================================
[2026-07-25T16:13:10.397+0000] {manager.py:879} INFO - 
================================================================================
DAG File Processing Stats

File Path                            PID    Runtime      # DAGs    # Errors  Last Runtime    Last Run
-----------------------------------  -----  ---------  --------  ----------  --------------  -------------------
/opt/airflow/dags/retail_etl_dag.py                           1           0  1.39s           2026-07-25T16:13:10
================================================================================
[2026-07-25T16:13:43.833+0000] {manager.py:879} INFO - 
================================================================================
DAG File Processing Stats

File Path                            PID    Runtime      # DAGs    # Errors  Last Runtime    Last Run
-----------------------------------  -----  ---------  --------  ----------  --------------  -------------------
/opt/airflow/dags/retail_etl_dag.py                           1           0  2.45s           2026-07-25T16:13:43
================================================================================
[2026-07-25T16:14:14.402+0000] {manager.py:879} INFO - 
================================================================================
DAG File Processing Stats

File Path                            PID    Runtime      # DAGs    # Errors  Last Runtime    Last Run
-----------------------------------  -----  ---------  --------  ----------  --------------  -------------------
/opt/airflow/dags/retail_etl_dag.py                           1           0  0.51s           2026-07-25T16:14:14
================================================================================
[2026-07-25T16:14:45.730+0000] {manager.py:879} INFO - 
================================================================================
DAG File Processing Stats

File Path                            PID    Runtime      # DAGs    # Errors  Last Runtime    Last Run
-----------------------------------  -----  ---------  --------  ----------  --------------  -------------------
/opt/airflow/dags/retail_etl_dag.py                           1           0  0.51s           2026-07-25T16:14:45
================================================================================
[2026-07-25T16:15:16.921+0000] {manager.py:879} INFO - 
================================================================================
DAG File Processing Stats

File Path                            PID    Runtime      # DAGs    # Errors  Last Runtime    Last Run
-----------------------------------  -----  ---------  --------  ----------  --------------  -------------------
/opt/airflow/dags/retail_etl_dag.py                           1           0  1.11s           2026-07-25T16:15:16
================================================================================
[2026-07-25T16:15:47.520+0000] {manager.py:879} INFO - 
================================================================================
DAG File Processing Stats

File Path                            PID    Runtime      # DAGs    # Errors  Last Runtime    Last Run
-----------------------------------  -----  ---------  --------  ----------  --------------  -------------------
/opt/airflow/dags/retail_etl_dag.py                           1           0  0.51s           2026-07-25T16:15:47
================================================================================
[2026-07-25T16:16:18.650+0000] {manager.py:879} INFO - 
================================================================================
DAG File Processing Stats

File Path                            PID    Runtime      # DAGs    # Errors  Last Runtime    Last Run
-----------------------------------  -----  ---------  --------  ----------  --------------  -------------------
/opt/airflow/dags/retail_etl_dag.py                           1           0  1.01s           2026-07-25T16:16:18
================================================================================
[2026-07-25T16:16:49.259+0000] {manager.py:879} INFO - 
================================================================================
DAG File Processing Stats

File Path                            PID    Runtime      # DAGs    # Errors  Last Runtime    Last Run
-----------------------------------  -----  ---------  --------  ----------  --------------  -------------------
/opt/airflow/dags/retail_etl_dag.py                           1           0  0.51s           2026-07-25T16:16:49
================================================================================
[2026-07-25T16:17:20.169+0000] {manager.py:879} INFO - 
================================================================================
DAG File Processing Stats

File Path                            PID    Runtime      # DAGs    # Errors  Last Runtime    Last Run
-----------------------------------  -----  ---------  --------  ----------  --------------  -------------------
/opt/airflow/dags/retail_etl_dag.py                           1           0  0.81s           2026-07-25T16:17:20
================================================================================
[2026-07-25T16:17:33.748+0000] {manager.py:738} INFO - Searching for files in /opt/airflow/dags
[2026-07-25T16:17:33.766+0000] {manager.py:741} INFO - There are 1 files in /opt/airflow/dags
[2026-07-25T16:17:50.876+0000] {manager.py:879} INFO - 
================================================================================
DAG File Processing Stats

File Path                            PID    Runtime      # DAGs    # Errors  Last Runtime    Last Run
-----------------------------------  -----  ---------  --------  ----------  --------------  -------------------
/opt/airflow/dags/retail_etl_dag.py                           1           0  0.61s           2026-07-25T16:17:50
================================================================================
[2026-07-25T16:18:21.343+0000] {manager.py:879} INFO - 
================================================================================
DAG File Processing Stats

File Path                            PID    Runtime      # DAGs    # Errors  Last Runtime    Last Run
-----------------------------------  -----  ---------  --------  ----------  --------------  -------------------
/opt/airflow/dags/retail_etl_dag.py                           1           0  0.40s           2026-07-25T16:18:21
================================================================================
[2026-07-25T16:18:52.131+0000] {manager.py:879} INFO - 
================================================================================
DAG File Processing Stats

File Path                            PID    Runtime      # DAGs    # Errors  Last Runtime    Last Run
-----------------------------------  -----  ---------  --------  ----------  --------------  -------------------
/opt/airflow/dags/retail_etl_dag.py                           1           0  0.71s           2026-07-25T16:18:52
================================================================================
[2026-07-25T16:19:22.604+0000] {manager.py:879} INFO - 
================================================================================
DAG File Processing Stats

File Path                            PID    Runtime      # DAGs    # Errors  Last Runtime    Last Run
-----------------------------------  -----  ---------  --------  ----------  --------------  -------------------
/opt/airflow/dags/retail_etl_dag.py                           1           0  0.41s           2026-07-25T16:19:22
================================================================================
[2026-07-25T16:19:53.080+0000] {manager.py:879} INFO - 
================================================================================
DAG File Processing Stats

File Path                            PID    Runtime      # DAGs    # Errors  Last Runtime    Last Run
-----------------------------------  -----  ---------  --------  ----------  --------------  -------------------
/opt/airflow/dags/retail_etl_dag.py                           1           0  0.41s           2026-07-25T16:19:53
================================================================================
[2026-07-25T16:20:23.570+0000] {manager.py:879} INFO - 
================================================================================
DAG File Processing Stats

File Path                            PID    Runtime      # DAGs    # Errors  Last Runtime    Last Run
-----------------------------------  -----  ---------  --------  ----------  --------------  -------------------
/opt/airflow/dags/retail_etl_dag.py                           1           0  0.41s           2026-07-25T16:20:23
================================================================================
[2026-07-25T16:20:54.032+0000] {manager.py:879} INFO - 
================================================================================
DAG File Processing Stats

File Path                            PID    Runtime      # DAGs    # Errors  Last Runtime    Last Run
-----------------------------------  -----  ---------  --------  ----------  --------------  -------------------
/opt/airflow/dags/retail_etl_dag.py                           1           0  0.40s           2026-07-25T16:20:54
================================================================================
[2026-07-25T16:21:24.500+0000] {manager.py:879} INFO - 
================================================================================
DAG File Processing Stats

File Path                            PID    Runtime      # DAGs    # Errors  Last Runtime    Last Run
-----------------------------------  -----  ---------  --------  ----------  --------------  -------------------
/opt/airflow/dags/retail_etl_dag.py                           1           0  0.41s           2026-07-25T16:21:24
================================================================================
[2026-07-25T16:21:55.069+0000] {manager.py:879} INFO - 
================================================================================
DAG File Processing Stats

File Path                            PID    Runtime      # DAGs    # Errors  Last Runtime    Last Run
-----------------------------------  -----  ---------  --------  ----------  --------------  -------------------
/opt/airflow/dags/retail_etl_dag.py                           1           0  0.51s           2026-07-25T16:21:55
================================================================================
[2026-07-25T16:22:25.535+0000] {manager.py:879} INFO - 
================================================================================
DAG File Processing Stats

File Path                            PID    Runtime      # DAGs    # Errors  Last Runtime    Last Run
-----------------------------------  -----  ---------  --------  ----------  --------------  -------------------
/opt/airflow/dags/retail_etl_dag.py                           1           0  0.41s           2026-07-25T16:22:25
================================================================================
[2026-07-25T16:22:33.828+0000] {manager.py:738} INFO - Searching for files in /opt/airflow/dags
[2026-07-25T16:22:33.845+0000] {manager.py:741} INFO - There are 1 files in /opt/airflow/dags
[2026-07-25T16:22:56.002+0000] {manager.py:879} INFO - 
================================================================================
DAG File Processing Stats

File Path                            PID    Runtime      # DAGs    # Errors  Last Runtime    Last Run
-----------------------------------  -----  ---------  --------  ----------  --------------  -------------------
/opt/airflow/dags/retail_etl_dag.py                           1           0  0.41s           2026-07-25T16:22:56
================================================================================
[2026-07-25T16:23:26.823+0000] {manager.py:879} INFO - 
================================================================================
DAG File Processing Stats

File Path                            PID    Runtime      # DAGs    # Errors  Last Runtime    Last Run
-----------------------------------  -----  ---------  --------  ----------  --------------  -------------------
/opt/airflow/dags/retail_etl_dag.py                           1           0  0.73s           2026-07-25T16:23:26
================================================================================
[2026-07-25T16:23:59.575+0000] {manager.py:879} INFO - 
================================================================================
DAG File Processing Stats

File Path                            PID    Runtime      # DAGs    # Errors  Last Runtime    Last Run
-----------------------------------  -----  ---------  --------  ----------  --------------  -------------------
/opt/airflow/dags/retail_etl_dag.py                           1           0  2.58s           2026-07-25T16:23:59
================================================================================
[2026-07-25T16:24:30.084+0000] {manager.py:879} INFO - 
================================================================================
DAG File Processing Stats

File Path                            PID    Runtime      # DAGs    # Errors  Last Runtime    Last Run
-----------------------------------  -----  ---------  --------  ----------  --------------  -------------------
/opt/airflow/dags/retail_etl_dag.py                           1           0  0.41s           2026-07-25T16:24:30
================================================================================
[2026-07-25T16:25:00.553+0000] {manager.py:879} INFO - 
================================================================================
DAG File Processing Stats

File Path                            PID    Runtime      # DAGs    # Errors  Last Runtime    Last Run
-----------------------------------  -----  ---------  --------  ----------  --------------  -------------------
/opt/airflow/dags/retail_etl_dag.py                           1           0  0.41s           2026-07-25T16:25:00
================================================================================
[2026-07-25T16:25:31.025+0000] {manager.py:879} INFO - 
================================================================================
DAG File Processing Stats

File Path                            PID    Runtime      # DAGs    # Errors  Last Runtime    Last Run
-----------------------------------  -----  ---------  --------  ----------  --------------  -------------------
/opt/airflow/dags/retail_etl_dag.py                           1           0  0.41s           2026-07-25T16:25:31
================================================================================
[2026-07-25T16:26:01.900+0000] {manager.py:879} INFO - 
================================================================================
DAG File Processing Stats

File Path                            PID    Runtime      # DAGs    # Errors  Last Runtime    Last Run
-----------------------------------  -----  ---------  --------  ----------  --------------  -------------------
/opt/airflow/dags/retail_etl_dag.py                           1           0  0.81s           2026-07-25T16:26:01
================================================================================
[2026-07-25T16:26:33.200+0000] {manager.py:879} INFO - 
================================================================================
DAG File Processing Stats

File Path                            PID    Runtime      # DAGs    # Errors  Last Runtime    Last Run
-----------------------------------  -----  ---------  --------  ----------  --------------  -------------------
/opt/airflow/dags/retail_etl_dag.py                           1           0  1.23s           2026-07-25T16:26:33
================================================================================
[2026-07-25T16:27:03.696+0000] {manager.py:879} INFO - 
================================================================================
DAG File Processing Stats

File Path                            PID    Runtime      # DAGs    # Errors  Last Runtime    Last Run
-----------------------------------  -----  ---------  --------  ----------  --------------  -------------------
/opt/airflow/dags/retail_etl_dag.py                           1           0  0.41s           2026-07-25T16:27:03
================================================================================
[2026-07-25T16:27:34.167+0000] {manager.py:879} INFO - 
================================================================================
DAG File Processing Stats

File Path                            PID    Runtime      # DAGs    # Errors  Last Runtime    Last Run
-----------------------------------  -----  ---------  --------  ----------  --------------  -------------------
/opt/airflow/dags/retail_etl_dag.py                           1           0  0.41s           2026-07-25T16:27:34
================================================================================
[2026-07-25T16:27:35.213+0000] {manager.py:738} INFO - Searching for files in /opt/airflow/dags
[2026-07-25T16:27:35.225+0000] {manager.py:741} INFO - There are 1 files in /opt/airflow/dags
[2026-07-25T16:28:04.655+0000] {manager.py:879} INFO - 
================================================================================
DAG File Processing Stats

File Path                            PID    Runtime      # DAGs    # Errors  Last Runtime    Last Run
-----------------------------------  -----  ---------  --------  ----------  --------------  -------------------
/opt/airflow/dags/retail_etl_dag.py                           1           0  0.42s           2026-07-25T16:28:04
================================================================================
[2026-07-25T16:28:35.238+0000] {manager.py:879} INFO - 
================================================================================
DAG File Processing Stats

File Path                            PID    Runtime      # DAGs    # Errors  Last Runtime    Last Run
-----------------------------------  -----  ---------  --------  ----------  --------------  -------------------
/opt/airflow/dags/retail_etl_dag.py                           1           0  0.51s           2026-07-25T16:28:35
================================================================================
[2026-07-25T16:29:05.705+0000] {manager.py:879} INFO - 
================================================================================
DAG File Processing Stats

File Path                            PID    Runtime      # DAGs    # Errors  Last Runtime    Last Run
-----------------------------------  -----  ---------  --------  ----------  --------------  -------------------
/opt/airflow/dags/retail_etl_dag.py                           1           0  0.41s           2026-07-25T16:29:05
================================================================================
[2026-07-25T16:29:36.177+0000] {manager.py:879} INFO - 
================================================================================
DAG File Processing Stats

File Path                            PID    Runtime      # DAGs    # Errors  Last Runtime    Last Run
-----------------------------------  -----  ---------  --------  ----------  --------------  -------------------
/opt/airflow/dags/retail_etl_dag.py                           1           0  0.40s           2026-07-25T16:29:36
================================================================================
[2026-07-25T16:30:06.655+0000] {manager.py:879} INFO - 
================================================================================
DAG File Processing Stats

File Path                            PID    Runtime      # DAGs    # Errors  Last Runtime    Last Run
-----------------------------------  -----  ---------  --------  ----------  --------------  -------------------
/opt/airflow/dags/retail_etl_dag.py                           1           0  0.41s           2026-07-25T16:30:06
================================================================================
[2026-07-25T16:30:37.122+0000] {manager.py:879} INFO - 
================================================================================
DAG File Processing Stats

File Path                            PID    Runtime      # DAGs    # Errors  Last Runtime    Last Run
-----------------------------------  -----  ---------  --------  ----------  --------------  -------------------
/opt/airflow/dags/retail_etl_dag.py                           1           0  0.41s           2026-07-25T16:30:37
================================================================================
[2026-07-25T16:31:07.589+0000] {manager.py:879} INFO - 
================================================================================
DAG File Processing Stats

File Path                            PID    Runtime      # DAGs    # Errors  Last Runtime    Last Run
-----------------------------------  -----  ---------  --------  ----------  --------------  -------------------
/opt/airflow/dags/retail_etl_dag.py                           1           0  0.40s           2026-07-25T16:31:07
================================================================================
[2026-07-25T16:31:38.054+0000] {manager.py:879} INFO - 
================================================================================
DAG File Processing Stats

File Path                            PID    Runtime      # DAGs    # Errors  Last Runtime    Last Run
-----------------------------------  -----  ---------  --------  ----------  --------------  -------------------
/opt/airflow/dags/retail_etl_dag.py                           1           0  0.40s           2026-07-25T16:31:38
================================================================================
[2026-07-25T16:32:08.522+0000] {manager.py:879} INFO - 
================================================================================
DAG File Processing Stats

File Path                            PID    Runtime      # DAGs    # Errors  Last Runtime    Last Run
-----------------------------------  -----  ---------  --------  ----------  --------------  -------------------
/opt/airflow/dags/retail_etl_dag.py                           1           0  0.41s           2026-07-25T16:32:08
================================================================================
[2026-07-25T16:32:35.244+0000] {manager.py:738} INFO - Searching for files in /opt/airflow/dags
[2026-07-25T16:32:35.259+0000] {manager.py:741} INFO - There are 1 files in /opt/airflow/dags
[2026-07-25T16:32:38.990+0000] {manager.py:879} INFO - 
================================================================================
DAG File Processing Stats

File Path                            PID    Runtime      # DAGs    # Errors  Last Runtime    Last Run
-----------------------------------  -----  ---------  --------  ----------  --------------  -------------------
/opt/airflow/dags/retail_etl_dag.py                           1           0  0.41s           2026-07-25T16:32:38
================================================================================
[2026-07-25T16:33:09.457+0000] {manager.py:879} INFO - 
================================================================================
DAG File Processing Stats

File Path                            PID    Runtime      # DAGs    # Errors  Last Runtime    Last Run
-----------------------------------  -----  ---------  --------  ----------  --------------  -------------------
/opt/airflow/dags/retail_etl_dag.py                           1           0  0.41s           2026-07-25T16:33:09
================================================================================
[2026-07-25T16:33:39.924+0000] {manager.py:879} INFO - 
================================================================================
DAG File Processing Stats

File Path                            PID    Runtime      # DAGs    # Errors  Last Runtime    Last Run
-----------------------------------  -----  ---------  --------  ----------  --------------  -------------------
/opt/airflow/dags/retail_etl_dag.py                           1           0  0.41s           2026-07-25T16:33:39
================================================================================
[2026-07-25T16:34:10.399+0000] {manager.py:879} INFO - 
================================================================================
DAG File Processing Stats

File Path                            PID    Runtime      # DAGs    # Errors  Last Runtime    Last Run
-----------------------------------  -----  ---------  --------  ----------  --------------  -------------------
/opt/airflow/dags/retail_etl_dag.py                           1           0  0.41s           2026-07-25T16:34:10
================================================================================
[2026-07-25T16:34:40.874+0000] {manager.py:879} INFO - 
================================================================================
DAG File Processing Stats

File Path                            PID    Runtime      # DAGs    # Errors  Last Runtime    Last Run
-----------------------------------  -----  ---------  --------  ----------  --------------  -------------------
/opt/airflow/dags/retail_etl_dag.py                           1           0  0.41s           2026-07-25T16:34:40
================================================================================
[2026-07-25T16:35:11.350+0000] {manager.py:879} INFO - 
================================================================================
DAG File Processing Stats

File Path                            PID    Runtime      # DAGs    # Errors  Last Runtime    Last Run
-----------------------------------  -----  ---------  --------  ----------  --------------  -------------------
/opt/airflow/dags/retail_etl_dag.py                           1           0  0.40s           2026-07-25T16:35:11
================================================================================
[2026-07-25T16:35:46.979+0000] {manager.py:879} INFO - 
================================================================================
DAG File Processing Stats

File Path                            PID    Runtime      # DAGs    # Errors  Last Runtime    Last Run
-----------------------------------  -----  ---------  --------  ----------  --------------  -------------------
/opt/airflow/dags/retail_etl_dag.py                           1           0  0.41s           2026-07-25T16:35:46
================================================================================
[2026-07-25T16:36:18.336+0000] {manager.py:879} INFO - 
================================================================================
DAG File Processing Stats

File Path                            PID    Runtime      # DAGs    # Errors  Last Runtime    Last Run
-----------------------------------  -----  ---------  --------  ----------  --------------  -------------------
/opt/airflow/dags/retail_etl_dag.py                           1           0  0.41s           2026-07-25T16:36:18
================================================================================
[2026-07-25T16:36:49.653+0000] {manager.py:879} INFO - 
================================================================================
DAG File Processing Stats

File Path                            PID    Runtime      # DAGs    # Errors  Last Runtime    Last Run
-----------------------------------  -----  ---------  --------  ----------  --------------  -------------------
/opt/airflow/dags/retail_etl_dag.py                           1           0  0.41s           2026-07-25T16:36:49
================================================================================
[2026-07-25T16:37:21.067+0000] {manager.py:879} INFO - 
================================================================================
DAG File Processing Stats

File Path                            PID    Runtime      # DAGs    # Errors  Last Runtime    Last Run
-----------------------------------  -----  ---------  --------  ----------  --------------  -------------------
/opt/airflow/dags/retail_etl_dag.py                           1           0  0.41s           2026-07-25T16:37:21
================================================================================
[2026-07-25T16:37:35.267+0000] {manager.py:738} INFO - Searching for files in /opt/airflow/dags
[2026-07-25T16:37:35.285+0000] {manager.py:741} INFO - There are 1 files in /opt/airflow/dags
[2026-07-25T16:37:51.841+0000] {manager.py:879} INFO - 
================================================================================
DAG File Processing Stats

File Path                            PID    Runtime      # DAGs    # Errors  Last Runtime    Last Run
-----------------------------------  -----  ---------  --------  ----------  --------------  -------------------
/opt/airflow/dags/retail_etl_dag.py                           1           0  0.41s           2026-07-25T16:37:51
================================================================================
[2026-07-25T16:38:23.059+0000] {manager.py:879} INFO - 
================================================================================
DAG File Processing Stats

File Path                            PID    Runtime      # DAGs    # Errors  Last Runtime    Last Run
-----------------------------------  -----  ---------  --------  ----------  --------------  -------------------
/opt/airflow/dags/retail_etl_dag.py                           1           0  0.40s           2026-07-25T16:38:23
================================================================================
[2026-07-25T16:38:54.418+0000] {manager.py:879} INFO - 
================================================================================
DAG File Processing Stats

File Path                            PID    Runtime      # DAGs    # Errors  Last Runtime    Last Run
-----------------------------------  -----  ---------  --------  ----------  --------------  -------------------
/opt/airflow/dags/retail_etl_dag.py                           1           0  0.50s           2026-07-25T16:38:54
================================================================================
[2026-07-25T16:39:24.954+0000] {manager.py:879} INFO - 
================================================================================
DAG File Processing Stats

File Path                            PID    Runtime      # DAGs    # Errors  Last Runtime    Last Run
-----------------------------------  -----  ---------  --------  ----------  --------------  -------------------
/opt/airflow/dags/retail_etl_dag.py                           1           0  0.41s           2026-07-25T16:39:24
================================================================================
[2026-07-25T16:39:55.981+0000] {manager.py:879} INFO - 
================================================================================
DAG File Processing Stats

File Path                            PID    Runtime      # DAGs    # Errors  Last Runtime    Last Run
-----------------------------------  -----  ---------  --------  ----------  --------------  -------------------
/opt/airflow/dags/retail_etl_dag.py                           1           0  0.41s           2026-07-25T16:39:55
================================================================================
[2026-07-25T16:40:27.120+0000] {manager.py:879} INFO - 
================================================================================
DAG File Processing Stats

File Path                            PID    Runtime      # DAGs    # Errors  Last Runtime    Last Run
-----------------------------------  -----  ---------  --------  ----------  --------------  -------------------
/opt/airflow/dags/retail_etl_dag.py                           1           0  0.51s           2026-07-25T16:40:27
================================================================================
[2026-07-25T16:40:57.995+0000] {manager.py:879} INFO - 
================================================================================
DAG File Processing Stats

File Path                            PID    Runtime      # DAGs    # Errors  Last Runtime    Last Run
-----------------------------------  -----  ---------  --------  ----------  --------------  -------------------
/opt/airflow/dags/retail_etl_dag.py                           1           0  0.61s           2026-07-25T16:40:57
================================================================================
[2026-07-25T18:21:47.766+0000] {manager.py:738} INFO - Searching for files in /opt/airflow/dags
[2026-07-25T18:21:48.981+0000] {manager.py:741} INFO - There are 1 files in /opt/airflow/dags
[2026-07-25T18:21:56.006+0000] {manager.py:879} INFO - 
================================================================================
DAG File Processing Stats

File Path                            PID    Runtime      # DAGs    # Errors  Last Runtime    Last Run
-----------------------------------  -----  ---------  --------  ----------  --------------  -------------------
/opt/airflow/dags/retail_etl_dag.py                           1           0  6.54s           2026-07-25T18:21:56
================================================================================
[2026-07-25T18:22:26.985+0000] {manager.py:879} INFO - 
================================================================================
DAG File Processing Stats

File Path                            PID    Runtime      # DAGs    # Errors  Last Runtime    Last Run
-----------------------------------  -----  ---------  --------  ----------  --------------  -------------------
/opt/airflow/dags/retail_etl_dag.py                           1           0  0.81s           2026-07-25T18:22:26
================================================================================
[2026-07-25T18:22:57.472+0000] {manager.py:879} INFO - 
================================================================================
DAG File Processing Stats

File Path                            PID    Runtime      # DAGs    # Errors  Last Runtime    Last Run
-----------------------------------  -----  ---------  --------  ----------  --------------  -------------------
/opt/airflow/dags/retail_etl_dag.py                           1           0  0.41s           2026-07-25T18:22:57
================================================================================
[2026-07-25T18:23:27.942+0000] {manager.py:879} INFO - 
================================================================================
DAG File Processing Stats

File Path                            PID    Runtime      # DAGs    # Errors  Last Runtime    Last Run
-----------------------------------  -----  ---------  --------  ----------  --------------  -------------------
/opt/airflow/dags/retail_etl_dag.py                           1           0  0.41s           2026-07-25T18:23:27
================================================================================
[2026-07-25T18:23:58.409+0000] {manager.py:879} INFO - 
================================================================================
DAG File Processing Stats

File Path                            PID    Runtime      # DAGs    # Errors  Last Runtime    Last Run
-----------------------------------  -----  ---------  --------  ----------  --------------  -------------------
/opt/airflow/dags/retail_etl_dag.py                           1           0  0.41s           2026-07-25T18:23:58
================================================================================
[2026-07-25T18:24:29.104+0000] {manager.py:879} INFO - 
================================================================================
DAG File Processing Stats

File Path                            PID    Runtime      # DAGs    # Errors  Last Runtime    Last Run
-----------------------------------  -----  ---------  --------  ----------  --------------  -------------------
/opt/airflow/dags/retail_etl_dag.py                           1           0  0.63s           2026-07-25T18:24:29
================================================================================
[2026-07-25T18:24:59.575+0000] {manager.py:879} INFO - 
================================================================================
DAG File Processing Stats

File Path                            PID    Runtime      # DAGs    # Errors  Last Runtime    Last Run
-----------------------------------  -----  ---------  --------  ----------  --------------  -------------------
/opt/airflow/dags/retail_etl_dag.py                           1           0  0.41s           2026-07-25T18:24:59
================================================================================
[2026-07-25T18:25:30.040+0000] {manager.py:879} INFO - 
================================================================================
DAG File Processing Stats

File Path                            PID    Runtime      # DAGs    # Errors  Last Runtime    Last Run
-----------------------------------  -----  ---------  --------  ----------  --------------  -------------------
/opt/airflow/dags/retail_etl_dag.py                           1           0  0.40s           2026-07-25T18:25:30
================================================================================
[2026-07-25T18:26:00.523+0000] {manager.py:879} INFO - 
================================================================================
DAG File Processing Stats

File Path                            PID    Runtime      # DAGs    # Errors  Last Runtime    Last Run
-----------------------------------  -----  ---------  --------  ----------  --------------  -------------------
/opt/airflow/dags/retail_etl_dag.py                           1           0  0.41s           2026-07-25T18:26:00
================================================================================
[2026-07-25T18:26:30.989+0000] {manager.py:879} INFO - 
================================================================================
DAG File Processing Stats

File Path                            PID    Runtime      # DAGs    # Errors  Last Runtime    Last Run
-----------------------------------  -----  ---------  --------  ----------  --------------  -------------------
/opt/airflow/dags/retail_etl_dag.py                           1           0  0.40s           2026-07-25T18:26:30
================================================================================
[2026-07-25T18:26:48.213+0000] {manager.py:738} INFO - Searching for files in /opt/airflow/dags
[2026-07-25T18:26:48.226+0000] {manager.py:741} INFO - There are 1 files in /opt/airflow/dags
[2026-07-25T18:27:01.478+0000] {manager.py:879} INFO - 
================================================================================
DAG File Processing Stats

File Path                            PID    Runtime      # DAGs    # Errors  Last Runtime    Last Run
-----------------------------------  -----  ---------  --------  ----------  --------------  -------------------
/opt/airflow/dags/retail_etl_dag.py                           1           0  0.41s           2026-07-25T18:27:01
================================================================================
[2026-07-25T18:27:31.947+0000] {manager.py:879} INFO - 
================================================================================
DAG File Processing Stats

File Path                            PID    Runtime      # DAGs    # Errors  Last Runtime    Last Run
-----------------------------------  -----  ---------  --------  ----------  --------------  -------------------
/opt/airflow/dags/retail_etl_dag.py                           1           0  0.41s           2026-07-25T18:27:31
================================================================================
[2026-07-25T18:28:02.417+0000] {manager.py:879} INFO - 
================================================================================
DAG File Processing Stats

File Path                            PID    Runtime      # DAGs    # Errors  Last Runtime    Last Run
-----------------------------------  -----  ---------  --------  ----------  --------------  -------------------
/opt/airflow/dags/retail_etl_dag.py                           1           0  0.41s           2026-07-25T18:28:02
================================================================================
[2026-07-25T18:28:32.881+0000] {manager.py:879} INFO - 
================================================================================
DAG File Processing Stats

File Path                            PID    Runtime      # DAGs    # Errors  Last Runtime    Last Run
-----------------------------------  -----  ---------  --------  ----------  --------------  -------------------
/opt/airflow/dags/retail_etl_dag.py                           1           0  0.40s           2026-07-25T18:28:32
================================================================================
[2026-07-25T18:29:03.350+0000] {manager.py:879} INFO - 
================================================================================
DAG File Processing Stats

File Path                            PID    Runtime      # DAGs    # Errors  Last Runtime    Last Run
-----------------------------------  -----  ---------  --------  ----------  --------------  -------------------
/opt/airflow/dags/retail_etl_dag.py                           1           0  0.41s           2026-07-25T18:29:03
================================================================================
[2026-07-25T18:29:33.937+0000] {manager.py:879} INFO - 
================================================================================
DAG File Processing Stats

File Path                            PID    Runtime      # DAGs    # Errors  Last Runtime    Last Run
-----------------------------------  -----  ---------  --------  ----------  --------------  -------------------
/opt/airflow/dags/retail_etl_dag.py                           1           0  0.51s           2026-07-25T18:29:33
================================================================================
[2026-07-25T18:30:04.422+0000] {manager.py:879} INFO - 
================================================================================
DAG File Processing Stats

File Path                            PID    Runtime      # DAGs    # Errors  Last Runtime    Last Run
-----------------------------------  -----  ---------  --------  ----------  --------------  -------------------
/opt/airflow/dags/retail_etl_dag.py                           1           0  0.40s           2026-07-25T18:30:04
================================================================================
[2026-07-25T18:30:34.905+0000] {manager.py:879} INFO - 
================================================================================
DAG File Processing Stats

File Path                            PID    Runtime      # DAGs    # Errors  Last Runtime    Last Run
-----------------------------------  -----  ---------  --------  ----------  --------------  -------------------
/opt/airflow/dags/retail_etl_dag.py                           1           0  0.40s           2026-07-25T18:30:34
================================================================================
[2026-07-25T18:31:05.371+0000] {manager.py:879} INFO - 
================================================================================
DAG File Processing Stats

File Path                            PID    Runtime      # DAGs    # Errors  Last Runtime    Last Run
-----------------------------------  -----  ---------  --------  ----------  --------------  -------------------
/opt/airflow/dags/retail_etl_dag.py                           1           0  0.40s           2026-07-25T18:31:05
================================================================================
[2026-07-25T18:31:35.851+0000] {manager.py:879} INFO - 
================================================================================
DAG File Processing Stats

File Path                            PID    Runtime      # DAGs    # Errors  Last Runtime    Last Run
-----------------------------------  -----  ---------  --------  ----------  --------------  -------------------
/opt/airflow/dags/retail_etl_dag.py                           1           0  0.41s           2026-07-25T18:31:35
================================================================================
[2026-07-25T18:31:49.013+0000] {manager.py:738} INFO - Searching for files in /opt/airflow/dags
[2026-07-25T18:31:49.025+0000] {manager.py:741} INFO - There are 1 files in /opt/airflow/dags
[2026-07-25T18:32:06.296+0000] {manager.py:879} INFO - 
================================================================================
DAG File Processing Stats

File Path                            PID    Runtime      # DAGs    # Errors  Last Runtime    Last Run
-----------------------------------  -----  ---------  --------  ----------  --------------  -------------------
/opt/airflow/dags/retail_etl_dag.py                           1           0  0.41s           2026-07-25T18:32:06
================================================================================
[2026-07-25T18:32:36.760+0000] {manager.py:879} INFO - 
================================================================================
DAG File Processing Stats

File Path                            PID    Runtime      # DAGs    # Errors  Last Runtime    Last Run
-----------------------------------  -----  ---------  --------  ----------  --------------  -------------------
/opt/airflow/dags/retail_etl_dag.py                           1           0  0.41s           2026-07-25T18:32:36
================================================================================
[2026-07-25T18:33:07.237+0000] {manager.py:879} INFO - 
================================================================================
DAG File Processing Stats

File Path                            PID    Runtime      # DAGs    # Errors  Last Runtime    Last Run
-----------------------------------  -----  ---------  --------  ----------  --------------  -------------------
/opt/airflow/dags/retail_etl_dag.py                           1           0  0.41s           2026-07-25T18:33:07
================================================================================
[2026-07-25T18:33:37.837+0000] {manager.py:879} INFO - 
================================================================================
DAG File Processing Stats

File Path                            PID    Runtime      # DAGs    # Errors  Last Runtime    Last Run
-----------------------------------  -----  ---------  --------  ----------  --------------  -------------------
/opt/airflow/dags/retail_etl_dag.py                           1           0  0.51s           2026-07-25T18:33:37
================================================================================
[2026-07-25T18:34:08.325+0000] {manager.py:879} INFO - 
================================================================================
DAG File Processing Stats

File Path                            PID    Runtime      # DAGs    # Errors  Last Runtime    Last Run
-----------------------------------  -----  ---------  --------  ----------  --------------  -------------------
/opt/airflow/dags/retail_etl_dag.py                           1           0  0.41s           2026-07-25T18:34:08
================================================================================
[2026-07-25T18:34:38.792+0000] {manager.py:879} INFO - 
================================================================================
DAG File Processing Stats

File Path                            PID    Runtime      # DAGs    # Errors  Last Runtime    Last Run
-----------------------------------  -----  ---------  --------  ----------  --------------  -------------------
/opt/airflow/dags/retail_etl_dag.py                           1           0  0.41s           2026-07-25T18:34:38
================================================================================
[2026-07-25T18:35:09.260+0000] {manager.py:879} INFO - 
================================================================================
DAG File Processing Stats

File Path                            PID    Runtime      # DAGs    # Errors  Last Runtime    Last Run
-----------------------------------  -----  ---------  --------  ----------  --------------  -------------------
/opt/airflow/dags/retail_etl_dag.py                           1           0  0.40s           2026-07-25T18:35:09
================================================================================
[2026-07-25T18:35:39.725+0000] {manager.py:879} INFO - 
================================================================================
DAG File Processing Stats

File Path                            PID    Runtime      # DAGs    # Errors  Last Runtime    Last Run
-----------------------------------  -----  ---------  --------  ----------  --------------  -------------------
/opt/airflow/dags/retail_etl_dag.py                           1           0  0.40s           2026-07-25T18:35:39
================================================================================
[2026-07-25T18:36:10.191+0000] {manager.py:879} INFO - 
================================================================================
DAG File Processing Stats

File Path                            PID    Runtime      # DAGs    # Errors  Last Runtime    Last Run
-----------------------------------  -----  ---------  --------  ----------  --------------  -------------------
/opt/airflow/dags/retail_etl_dag.py                           1           0  0.41s           2026-07-25T18:36:10
================================================================================
[2026-07-25T18:36:40.757+0000] {manager.py:879} INFO - 
================================================================================
DAG File Processing Stats

File Path                            PID    Runtime      # DAGs    # Errors  Last Runtime    Last Run
-----------------------------------  -----  ---------  --------  ----------  --------------  -------------------
/opt/airflow/dags/retail_etl_dag.py                           1           0  0.51s           2026-07-25T18:36:40
================================================================================
[2026-07-25T18:36:49.953+0000] {manager.py:738} INFO - Searching for files in /opt/airflow/dags
[2026-07-25T18:36:49.981+0000] {manager.py:741} INFO - There are 1 files in /opt/airflow/dags
[2026-07-25T18:37:11.230+0000] {manager.py:879} INFO - 
================================================================================
DAG File Processing Stats

File Path                            PID    Runtime      # DAGs    # Errors  Last Runtime    Last Run
-----------------------------------  -----  ---------  --------  ----------  --------------  -------------------
/opt/airflow/dags/retail_etl_dag.py                           1           0  0.41s           2026-07-25T18:37:11
================================================================================
[2026-07-25T18:37:41.802+0000] {manager.py:879} INFO - 
================================================================================
DAG File Processing Stats

File Path                            PID    Runtime      # DAGs    # Errors  Last Runtime    Last Run
-----------------------------------  -----  ---------  --------  ----------  --------------  -------------------
/opt/airflow/dags/retail_etl_dag.py                           1           0  0.51s           2026-07-25T18:37:41
================================================================================
[2026-07-25T18:38:12.273+0000] {manager.py:879} INFO - 
================================================================================
DAG File Processing Stats

File Path                            PID    Runtime      # DAGs    # Errors  Last Runtime    Last Run
-----------------------------------  -----  ---------  --------  ----------  --------------  -------------------
/opt/airflow/dags/retail_etl_dag.py                           1           0  0.41s           2026-07-25T18:38:12
================================================================================
[2026-07-25T18:38:42.741+0000] {manager.py:879} INFO - 
================================================================================
DAG File Processing Stats

File Path                            PID    Runtime      # DAGs    # Errors  Last Runtime    Last Run
-----------------------------------  -----  ---------  --------  ----------  --------------  -------------------
/opt/airflow/dags/retail_etl_dag.py                           1           0  0.41s           2026-07-25T18:38:42
================================================================================
[2026-07-25T18:39:13.215+0000] {manager.py:879} INFO - 
================================================================================
DAG File Processing Stats

File Path                            PID    Runtime      # DAGs    # Errors  Last Runtime    Last Run
-----------------------------------  -----  ---------  --------  ----------  --------------  -------------------
/opt/airflow/dags/retail_etl_dag.py                           1           0  0.41s           2026-07-25T18:39:13
================================================================================
[2026-07-25T18:39:43.681+0000] {manager.py:879} INFO - 
================================================================================
DAG File Processing Stats

File Path                            PID    Runtime      # DAGs    # Errors  Last Runtime    Last Run
-----------------------------------  -----  ---------  --------  ----------  --------------  -------------------
/opt/airflow/dags/retail_etl_dag.py                           1           0  0.41s           2026-07-25T18:39:43
================================================================================
[2026-07-25T18:40:14.168+0000] {manager.py:879} INFO - 
================================================================================
DAG File Processing Stats

File Path                            PID    Runtime      # DAGs    # Errors  Last Runtime    Last Run
-----------------------------------  -----  ---------  --------  ----------  --------------  -------------------
/opt/airflow/dags/retail_etl_dag.py                           1           0  0.41s           2026-07-25T18:40:14
================================================================================
[2026-07-25T18:40:44.634+0000] {manager.py:879} INFO - 
================================================================================
DAG File Processing Stats

File Path                            PID    Runtime      # DAGs    # Errors  Last Runtime    Last Run
-----------------------------------  -----  ---------  --------  ----------  --------------  -------------------
/opt/airflow/dags/retail_etl_dag.py                           1           0  0.41s           2026-07-25T18:40:44
================================================================================
[2026-07-25T18:41:15.108+0000] {manager.py:879} INFO - 
================================================================================
DAG File Processing Stats

File Path                            PID    Runtime      # DAGs    # Errors  Last Runtime    Last Run
-----------------------------------  -----  ---------  --------  ----------  --------------  -------------------
/opt/airflow/dags/retail_etl_dag.py                           1           0  0.41s           2026-07-25T18:41:15
================================================================================
[2026-07-25T18:41:45.576+0000] {manager.py:879} INFO - 
================================================================================
DAG File Processing Stats

File Path                            PID    Runtime      # DAGs    # Errors  Last Runtime    Last Run
-----------------------------------  -----  ---------  --------  ----------  --------------  -------------------
/opt/airflow/dags/retail_etl_dag.py                           1           0  0.41s           2026-07-25T18:41:45
================================================================================
[2026-07-25T18:41:50.611+0000] {manager.py:738} INFO - Searching for files in /opt/airflow/dags
[2026-07-25T18:41:50.624+0000] {manager.py:741} INFO - There are 1 files in /opt/airflow/dags
[2026-07-25T18:42:16.146+0000] {manager.py:879} INFO - 
================================================================================
DAG File Processing Stats

File Path                            PID    Runtime      # DAGs    # Errors  Last Runtime    Last Run
-----------------------------------  -----  ---------  --------  ----------  --------------  -------------------
/opt/airflow/dags/retail_etl_dag.py                           1           0  0.51s           2026-07-25T18:42:16
================================================================================
[2026-07-25T18:42:46.210+0000] {manager.py:879} INFO - 
================================================================================
DAG File Processing Stats

File Path                            PID    Runtime      # DAGs    # Errors  Last Runtime    Last Run
-----------------------------------  -----  ---------  --------  ----------  --------------  -------------------
/opt/airflow/dags/retail_etl_dag.py                           1           0  0.52s           2026-07-25T18:42:35
================================================================================
[2026-07-25T18:43:16.264+0000] {manager.py:879} INFO - 
================================================================================
DAG File Processing Stats

File Path                            PID    Runtime      # DAGs    # Errors  Last Runtime    Last Run
-----------------------------------  -----  ---------  --------  ----------  --------------  -------------------
/opt/airflow/dags/retail_etl_dag.py                           1           0  0.41s           2026-07-25T18:43:06
================================================================================
[2026-07-25T18:43:46.337+0000] {manager.py:879} INFO - 
================================================================================
DAG File Processing Stats

File Path                            PID    Runtime      # DAGs    # Errors  Last Runtime    Last Run
-----------------------------------  -----  ---------  --------  ----------  --------------  -------------------
/opt/airflow/dags/retail_etl_dag.py                           1           0  0.41s           2026-07-25T18:43:37
================================================================================
[2026-07-25T18:44:16.389+0000] {manager.py:879} INFO - 
================================================================================
DAG File Processing Stats

File Path                            PID    Runtime      # DAGs    # Errors  Last Runtime    Last Run
-----------------------------------  -----  ---------  --------  ----------  --------------  -------------------
/opt/airflow/dags/retail_etl_dag.py                           1           0  0.71s           2026-07-25T18:44:07
================================================================================
[2026-07-25T18:44:46.455+0000] {manager.py:879} INFO - 
================================================================================
DAG File Processing Stats

File Path                            PID    Runtime      # DAGs    # Errors  Last Runtime    Last Run
-----------------------------------  -----  ---------  --------  ----------  --------------  -------------------
/opt/airflow/dags/retail_etl_dag.py                           1           0  0.42s           2026-07-25T18:44:38
================================================================================
[2026-07-25T18:45:16.506+0000] {manager.py:879} INFO - 
================================================================================
DAG File Processing Stats

File Path                            PID    Runtime      # DAGs    # Errors  Last Runtime    Last Run
-----------------------------------  -----  ---------  --------  ----------  --------------  -------------------
/opt/airflow/dags/retail_etl_dag.py                           1           0  0.40s           2026-07-25T18:45:09
================================================================================
[2026-07-25T18:45:46.557+0000] {manager.py:879} INFO - 
================================================================================
DAG File Processing Stats

File Path                            PID    Runtime      # DAGs    # Errors  Last Runtime    Last Run
-----------------------------------  -----  ---------  --------  ----------  --------------  -------------------
/opt/airflow/dags/retail_etl_dag.py                           1           0  0.41s           2026-07-25T18:45:40
================================================================================
[2026-07-25T18:46:16.606+0000] {manager.py:879} INFO - 
================================================================================
DAG File Processing Stats

File Path                            PID    Runtime      # DAGs    # Errors  Last Runtime    Last Run
-----------------------------------  -----  ---------  --------  ----------  --------------  -------------------
/opt/airflow/dags/retail_etl_dag.py                           1           0  0.41s           2026-07-25T18:46:10
================================================================================
[2026-07-25T18:46:46.655+0000] {manager.py:879} INFO - 
================================================================================
DAG File Processing Stats

File Path                            PID    Runtime      # DAGs    # Errors  Last Runtime    Last Run
-----------------------------------  -----  ---------  --------  ----------  --------------  -------------------
/opt/airflow/dags/retail_etl_dag.py                           1           0  0.42s           2026-07-25T18:46:41
================================================================================
[2026-07-25T18:46:50.749+0000] {manager.py:738} INFO - Searching for files in /opt/airflow/dags
[2026-07-25T18:46:50.762+0000] {manager.py:741} INFO - There are 1 files in /opt/airflow/dags
[2026-07-25T18:47:16.707+0000] {manager.py:879} INFO - 
================================================================================
DAG File Processing Stats

File Path                            PID    Runtime      # DAGs    # Errors  Last Runtime    Last Run
-----------------------------------  -----  ---------  --------  ----------  --------------  -------------------
/opt/airflow/dags/retail_etl_dag.py                           1           0  0.41s           2026-07-25T18:47:11
================================================================================
[2026-07-25T18:47:46.757+0000] {manager.py:879} INFO - 
================================================================================
DAG File Processing Stats

File Path                            PID    Runtime      # DAGs    # Errors  Last Runtime    Last Run
-----------------------------------  -----  ---------  --------  ----------  --------------  -------------------
/opt/airflow/dags/retail_etl_dag.py                           1           0  0.41s           2026-07-25T18:47:42
================================================================================
[2026-07-25T18:48:16.814+0000] {manager.py:879} INFO - 
================================================================================
DAG File Processing Stats

File Path                            PID    Runtime      # DAGs    # Errors  Last Runtime    Last Run
-----------------------------------  -----  ---------  --------  ----------  --------------  -------------------
/opt/airflow/dags/retail_etl_dag.py                           1           0  0.41s           2026-07-25T18:48:12
================================================================================
[2026-07-25T18:48:46.865+0000] {manager.py:879} INFO - 
================================================================================
DAG File Processing Stats

File Path                            PID    Runtime      # DAGs    # Errors  Last Runtime    Last Run
-----------------------------------  -----  ---------  --------  ----------  --------------  -------------------
/opt/airflow/dags/retail_etl_dag.py                           1           0  0.51s           2026-07-25T18:48:43
================================================================================
[2026-07-25T18:49:16.914+0000] {manager.py:879} INFO - 
================================================================================
DAG File Processing Stats

File Path                            PID    Runtime      # DAGs    # Errors  Last Runtime    Last Run
-----------------------------------  -----  ---------  --------  ----------  --------------  -------------------
/opt/airflow/dags/retail_etl_dag.py                           1           0  0.41s           2026-07-25T18:49:13
================================================================================
[2026-07-25T18:49:46.999+0000] {manager.py:879} INFO - 
================================================================================
DAG File Processing Stats

File Path                            PID    Runtime      # DAGs    # Errors  Last Runtime    Last Run
-----------------------------------  -----  ---------  --------  ----------  --------------  -------------------
/opt/airflow/dags/retail_etl_dag.py                           1           0  0.41s           2026-07-25T18:49:44
================================================================================
[2026-07-25T18:50:17.051+0000] {manager.py:879} INFO - 
================================================================================
DAG File Processing Stats

File Path                            PID    Runtime      # DAGs    # Errors  Last Runtime    Last Run
-----------------------------------  -----  ---------  --------  ----------  --------------  -------------------
/opt/airflow/dags/retail_etl_dag.py                           1           0  0.40s           2026-07-25T18:50:14
================================================================================
[2026-07-25T18:50:47.101+0000] {manager.py:879} INFO - 
================================================================================
DAG File Processing Stats

File Path                            PID    Runtime      # DAGs    # Errors  Last Runtime    Last Run
-----------------------------------  -----  ---------  --------  ----------  --------------  -------------------
/opt/airflow/dags/retail_etl_dag.py                           1           0  0.41s           2026-07-25T18:50:45
================================================================================
[2026-07-25T18:51:17.156+0000] {manager.py:879} INFO - 
================================================================================
DAG File Processing Stats

File Path                            PID    Runtime      # DAGs    # Errors  Last Runtime    Last Run
-----------------------------------  -----  ---------  --------  ----------  --------------  -------------------
/opt/airflow/dags/retail_etl_dag.py                           1           0  0.61s           2026-07-25T18:51:16
================================================================================
[2026-07-25T18:51:47.214+0000] {manager.py:879} INFO - 
================================================================================
DAG File Processing Stats

File Path                            PID    Runtime      # DAGs    # Errors  Last Runtime    Last Run
-----------------------------------  -----  ---------  --------  ----------  --------------  -------------------
/opt/airflow/dags/retail_etl_dag.py                           1           0  0.41s           2026-07-25T18:51:46
================================================================================
