[2026-07-25T16:12:35.101+0000] {processor.py:161} INFO - Started process (PID=68) to work on /opt/airflow/dags/retail_etl_dag.py
[2026-07-25T16:12:35.103+0000] {processor.py:830} INFO - Processing file /opt/airflow/dags/retail_etl_dag.py for tasks to queue
[2026-07-25T16:12:35.105+0000] {logging_mixin.py:188} INFO - [2026-07-25T16:12:35.105+0000] {dagbag.py:538} INFO - Filling up the DagBag from /opt/airflow/dags/retail_etl_dag.py
[2026-07-25T16:12:37.677+0000] {processor.py:840} INFO - DAG(s) 'retail_etl_pipeline_dag' retrieved from /opt/airflow/dags/retail_etl_dag.py
[2026-07-25T16:12:37.966+0000] {logging_mixin.py:188} INFO - [2026-07-25T16:12:37.965+0000] {override.py:1769} INFO - Created Permission View: can read on DAG:retail_etl_pipeline_dag
[2026-07-25T16:12:37.974+0000] {logging_mixin.py:188} INFO - [2026-07-25T16:12:37.974+0000] {override.py:1769} INFO - Created Permission View: can edit on DAG:retail_etl_pipeline_dag
[2026-07-25T16:12:37.984+0000] {logging_mixin.py:188} INFO - [2026-07-25T16:12:37.984+0000] {override.py:1769} INFO - Created Permission View: can delete on DAG:retail_etl_pipeline_dag
[2026-07-25T16:12:37.985+0000] {logging_mixin.py:188} INFO - [2026-07-25T16:12:37.985+0000] {dag.py:3036} INFO - Sync 1 DAGs
[2026-07-25T16:12:38.004+0000] {logging_mixin.py:188} INFO - [2026-07-25T16:12:38.003+0000] {dag.py:3058} INFO - Creating ORM DAG for retail_etl_pipeline_dag
[2026-07-25T16:12:38.019+0000] {logging_mixin.py:188} INFO - [2026-07-25T16:12:38.019+0000] {dag.py:3823} INFO - Setting next_dagrun for retail_etl_pipeline_dag to 2026-07-24 00:00:00+00:00, run_after=2026-07-25 00:00:00+00:00
[2026-07-25T16:12:38.159+0000] {processor.py:183} INFO - Processing /opt/airflow/dags/retail_etl_dag.py took 3.066 seconds
[2026-07-25T16:13:09.038+0000] {processor.py:161} INFO - Started process (PID=84) to work on /opt/airflow/dags/retail_etl_dag.py
[2026-07-25T16:13:09.043+0000] {processor.py:830} INFO - Processing file /opt/airflow/dags/retail_etl_dag.py for tasks to queue
[2026-07-25T16:13:09.045+0000] {logging_mixin.py:188} INFO - [2026-07-25T16:13:09.044+0000] {dagbag.py:538} INFO - Filling up the DagBag from /opt/airflow/dags/retail_etl_dag.py
[2026-07-25T16:13:09.823+0000] {processor.py:840} INFO - DAG(s) 'retail_etl_pipeline_dag' retrieved from /opt/airflow/dags/retail_etl_dag.py
[2026-07-25T16:13:09.876+0000] {logging_mixin.py:188} INFO - [2026-07-25T16:13:09.874+0000] {dag.py:3036} INFO - Sync 1 DAGs
[2026-07-25T16:13:10.043+0000] {logging_mixin.py:188} INFO - [2026-07-25T16:13:10.043+0000] {dag.py:3823} INFO - Setting next_dagrun for retail_etl_pipeline_dag to 2026-07-24 00:00:00+00:00, run_after=2026-07-25 00:00:00+00:00
[2026-07-25T16:13:10.261+0000] {processor.py:183} INFO - Processing /opt/airflow/dags/retail_etl_dag.py took 1.229 seconds
[2026-07-25T16:13:41.533+0000] {processor.py:161} INFO - Started process (PID=86) to work on /opt/airflow/dags/retail_etl_dag.py
[2026-07-25T16:13:41.543+0000] {processor.py:830} INFO - Processing file /opt/airflow/dags/retail_etl_dag.py for tasks to queue
[2026-07-25T16:13:41.550+0000] {logging_mixin.py:188} INFO - [2026-07-25T16:13:41.548+0000] {dagbag.py:538} INFO - Filling up the DagBag from /opt/airflow/dags/retail_etl_dag.py
[2026-07-25T16:13:43.262+0000] {processor.py:840} INFO - DAG(s) 'retail_etl_pipeline_dag' retrieved from /opt/airflow/dags/retail_etl_dag.py
[2026-07-25T16:13:43.463+0000] {logging_mixin.py:188} INFO - [2026-07-25T16:13:43.462+0000] {dag.py:3036} INFO - Sync 1 DAGs
[2026-07-25T16:13:43.529+0000] {logging_mixin.py:188} INFO - [2026-07-25T16:13:43.528+0000] {dag.py:3823} INFO - Setting next_dagrun for retail_etl_pipeline_dag to 2026-07-24 00:00:00+00:00, run_after=2026-07-25 00:00:00+00:00
[2026-07-25T16:13:43.814+0000] {processor.py:183} INFO - Processing /opt/airflow/dags/retail_etl_dag.py took 2.349 seconds
[2026-07-25T16:14:13.912+0000] {processor.py:161} INFO - Started process (PID=88) to work on /opt/airflow/dags/retail_etl_dag.py
[2026-07-25T16:14:13.913+0000] {processor.py:830} INFO - Processing file /opt/airflow/dags/retail_etl_dag.py for tasks to queue
[2026-07-25T16:14:13.914+0000] {logging_mixin.py:188} INFO - [2026-07-25T16:14:13.914+0000] {dagbag.py:538} INFO - Filling up the DagBag from /opt/airflow/dags/retail_etl_dag.py
[2026-07-25T16:14:14.216+0000] {processor.py:840} INFO - DAG(s) 'retail_etl_pipeline_dag' retrieved from /opt/airflow/dags/retail_etl_dag.py
[2026-07-25T16:14:14.232+0000] {logging_mixin.py:188} INFO - [2026-07-25T16:14:14.232+0000] {dag.py:3036} INFO - Sync 1 DAGs
[2026-07-25T16:14:14.295+0000] {logging_mixin.py:188} INFO - [2026-07-25T16:14:14.294+0000] {dag.py:3823} INFO - Setting next_dagrun for retail_etl_pipeline_dag to 2026-07-24 00:00:00+00:00, run_after=2026-07-25 00:00:00+00:00
[2026-07-25T16:14:14.328+0000] {processor.py:183} INFO - Processing /opt/airflow/dags/retail_etl_dag.py took 0.419 seconds
[2026-07-25T16:14:45.243+0000] {processor.py:161} INFO - Started process (PID=90) to work on /opt/airflow/dags/retail_etl_dag.py
[2026-07-25T16:14:45.245+0000] {processor.py:830} INFO - Processing file /opt/airflow/dags/retail_etl_dag.py for tasks to queue
[2026-07-25T16:14:45.246+0000] {logging_mixin.py:188} INFO - [2026-07-25T16:14:45.246+0000] {dagbag.py:538} INFO - Filling up the DagBag from /opt/airflow/dags/retail_etl_dag.py
[2026-07-25T16:14:45.608+0000] {processor.py:840} INFO - DAG(s) 'retail_etl_pipeline_dag' retrieved from /opt/airflow/dags/retail_etl_dag.py
[2026-07-25T16:14:45.631+0000] {logging_mixin.py:188} INFO - [2026-07-25T16:14:45.630+0000] {dag.py:3036} INFO - Sync 1 DAGs
[2026-07-25T16:14:45.652+0000] {logging_mixin.py:188} INFO - [2026-07-25T16:14:45.652+0000] {dag.py:3823} INFO - Setting next_dagrun for retail_etl_pipeline_dag to 2026-07-24 00:00:00+00:00, run_after=2026-07-25 00:00:00+00:00
[2026-07-25T16:14:45.671+0000] {processor.py:183} INFO - Processing /opt/airflow/dags/retail_etl_dag.py took 0.430 seconds
[2026-07-25T16:15:15.834+0000] {processor.py:161} INFO - Started process (PID=93) to work on /opt/airflow/dags/retail_etl_dag.py
[2026-07-25T16:15:15.838+0000] {processor.py:830} INFO - Processing file /opt/airflow/dags/retail_etl_dag.py for tasks to queue
[2026-07-25T16:15:15.846+0000] {logging_mixin.py:188} INFO - [2026-07-25T16:15:15.840+0000] {dagbag.py:538} INFO - Filling up the DagBag from /opt/airflow/dags/retail_etl_dag.py
[2026-07-25T16:15:16.767+0000] {processor.py:840} INFO - DAG(s) 'retail_etl_pipeline_dag' retrieved from /opt/airflow/dags/retail_etl_dag.py
[2026-07-25T16:15:16.822+0000] {logging_mixin.py:188} INFO - [2026-07-25T16:15:16.822+0000] {dag.py:3036} INFO - Sync 1 DAGs
[2026-07-25T16:15:16.841+0000] {logging_mixin.py:188} INFO - [2026-07-25T16:15:16.841+0000] {dag.py:3823} INFO - Setting next_dagrun for retail_etl_pipeline_dag to 2026-07-24 00:00:00+00:00, run_after=2026-07-25 00:00:00+00:00
[2026-07-25T16:15:16.863+0000] {processor.py:183} INFO - Processing /opt/airflow/dags/retail_etl_dag.py took 1.032 seconds
[2026-07-25T16:15:47.031+0000] {processor.py:161} INFO - Started process (PID=96) to work on /opt/airflow/dags/retail_etl_dag.py
[2026-07-25T16:15:47.032+0000] {processor.py:830} INFO - Processing file /opt/airflow/dags/retail_etl_dag.py for tasks to queue
[2026-07-25T16:15:47.034+0000] {logging_mixin.py:188} INFO - [2026-07-25T16:15:47.033+0000] {dagbag.py:538} INFO - Filling up the DagBag from /opt/airflow/dags/retail_etl_dag.py
[2026-07-25T16:15:47.399+0000] {processor.py:840} INFO - DAG(s) 'retail_etl_pipeline_dag' retrieved from /opt/airflow/dags/retail_etl_dag.py
[2026-07-25T16:15:47.442+0000] {logging_mixin.py:188} INFO - [2026-07-25T16:15:47.442+0000] {dag.py:3036} INFO - Sync 1 DAGs
[2026-07-25T16:15:47.469+0000] {logging_mixin.py:188} INFO - [2026-07-25T16:15:47.469+0000] {dag.py:3823} INFO - Setting next_dagrun for retail_etl_pipeline_dag to 2026-07-24 00:00:00+00:00, run_after=2026-07-25 00:00:00+00:00
[2026-07-25T16:15:47.487+0000] {processor.py:183} INFO - Processing /opt/airflow/dags/retail_etl_dag.py took 0.459 seconds
[2026-07-25T16:16:17.664+0000] {processor.py:161} INFO - Started process (PID=98) to work on /opt/airflow/dags/retail_etl_dag.py
[2026-07-25T16:16:17.666+0000] {processor.py:830} INFO - Processing file /opt/airflow/dags/retail_etl_dag.py for tasks to queue
[2026-07-25T16:16:17.667+0000] {logging_mixin.py:188} INFO - [2026-07-25T16:16:17.667+0000] {dagbag.py:538} INFO - Filling up the DagBag from /opt/airflow/dags/retail_etl_dag.py
[2026-07-25T16:16:18.539+0000] {processor.py:840} INFO - DAG(s) 'retail_etl_pipeline_dag' retrieved from /opt/airflow/dags/retail_etl_dag.py
[2026-07-25T16:16:18.589+0000] {logging_mixin.py:188} INFO - [2026-07-25T16:16:18.587+0000] {dag.py:3036} INFO - Sync 1 DAGs
[2026-07-25T16:16:18.613+0000] {logging_mixin.py:188} INFO - [2026-07-25T16:16:18.613+0000] {dag.py:3823} INFO - Setting next_dagrun for retail_etl_pipeline_dag to 2026-07-24 00:00:00+00:00, run_after=2026-07-25 00:00:00+00:00
[2026-07-25T16:16:18.632+0000] {processor.py:183} INFO - Processing /opt/airflow/dags/retail_etl_dag.py took 0.976 seconds
[2026-07-25T16:16:48.769+0000] {processor.py:161} INFO - Started process (PID=100) to work on /opt/airflow/dags/retail_etl_dag.py
[2026-07-25T16:16:48.770+0000] {processor.py:830} INFO - Processing file /opt/airflow/dags/retail_etl_dag.py for tasks to queue
[2026-07-25T16:16:48.771+0000] {logging_mixin.py:188} INFO - [2026-07-25T16:16:48.771+0000] {dagbag.py:538} INFO - Filling up the DagBag from /opt/airflow/dags/retail_etl_dag.py
[2026-07-25T16:16:49.124+0000] {processor.py:840} INFO - DAG(s) 'retail_etl_pipeline_dag' retrieved from /opt/airflow/dags/retail_etl_dag.py
[2026-07-25T16:16:49.142+0000] {logging_mixin.py:188} INFO - [2026-07-25T16:16:49.141+0000] {dag.py:3036} INFO - Sync 1 DAGs
[2026-07-25T16:16:49.175+0000] {logging_mixin.py:188} INFO - [2026-07-25T16:16:49.174+0000] {dag.py:3823} INFO - Setting next_dagrun for retail_etl_pipeline_dag to 2026-07-24 00:00:00+00:00, run_after=2026-07-25 00:00:00+00:00
[2026-07-25T16:16:49.214+0000] {processor.py:183} INFO - Processing /opt/airflow/dags/retail_etl_dag.py took 0.448 seconds
[2026-07-25T16:17:19.386+0000] {processor.py:161} INFO - Started process (PID=102) to work on /opt/airflow/dags/retail_etl_dag.py
[2026-07-25T16:17:19.392+0000] {processor.py:830} INFO - Processing file /opt/airflow/dags/retail_etl_dag.py for tasks to queue
[2026-07-25T16:17:19.399+0000] {logging_mixin.py:188} INFO - [2026-07-25T16:17:19.394+0000] {dagbag.py:538} INFO - Filling up the DagBag from /opt/airflow/dags/retail_etl_dag.py
[2026-07-25T16:17:19.986+0000] {processor.py:840} INFO - DAG(s) 'retail_etl_pipeline_dag' retrieved from /opt/airflow/dags/retail_etl_dag.py
[2026-07-25T16:17:20.009+0000] {logging_mixin.py:188} INFO - [2026-07-25T16:17:20.009+0000] {dag.py:3036} INFO - Sync 1 DAGs
[2026-07-25T16:17:20.031+0000] {logging_mixin.py:188} INFO - [2026-07-25T16:17:20.030+0000] {dag.py:3823} INFO - Setting next_dagrun for retail_etl_pipeline_dag to 2026-07-24 00:00:00+00:00, run_after=2026-07-25 00:00:00+00:00
[2026-07-25T16:17:20.075+0000] {processor.py:183} INFO - Processing /opt/airflow/dags/retail_etl_dag.py took 0.693 seconds
[2026-07-25T16:17:50.312+0000] {processor.py:161} INFO - Started process (PID=104) to work on /opt/airflow/dags/retail_etl_dag.py
[2026-07-25T16:17:50.314+0000] {processor.py:830} INFO - Processing file /opt/airflow/dags/retail_etl_dag.py for tasks to queue
[2026-07-25T16:17:50.316+0000] {logging_mixin.py:188} INFO - [2026-07-25T16:17:50.315+0000] {dagbag.py:538} INFO - Filling up the DagBag from /opt/airflow/dags/retail_etl_dag.py
[2026-07-25T16:17:50.714+0000] {processor.py:840} INFO - DAG(s) 'retail_etl_pipeline_dag' retrieved from /opt/airflow/dags/retail_etl_dag.py
[2026-07-25T16:17:50.754+0000] {logging_mixin.py:188} INFO - [2026-07-25T16:17:50.753+0000] {dag.py:3036} INFO - Sync 1 DAGs
[2026-07-25T16:17:50.823+0000] {logging_mixin.py:188} INFO - [2026-07-25T16:17:50.822+0000] {dag.py:3823} INFO - Setting next_dagrun for retail_etl_pipeline_dag to 2026-07-24 00:00:00+00:00, run_after=2026-07-25 00:00:00+00:00
[2026-07-25T16:17:50.853+0000] {processor.py:183} INFO - Processing /opt/airflow/dags/retail_etl_dag.py took 0.544 seconds
[2026-07-25T16:18:20.952+0000] {processor.py:161} INFO - Started process (PID=106) to work on /opt/airflow/dags/retail_etl_dag.py
[2026-07-25T16:18:20.953+0000] {processor.py:830} INFO - Processing file /opt/airflow/dags/retail_etl_dag.py for tasks to queue
[2026-07-25T16:18:20.954+0000] {logging_mixin.py:188} INFO - [2026-07-25T16:18:20.954+0000] {dagbag.py:538} INFO - Filling up the DagBag from /opt/airflow/dags/retail_etl_dag.py
[2026-07-25T16:18:21.243+0000] {processor.py:840} INFO - DAG(s) 'retail_etl_pipeline_dag' retrieved from /opt/airflow/dags/retail_etl_dag.py
[2026-07-25T16:18:21.260+0000] {logging_mixin.py:188} INFO - [2026-07-25T16:18:21.259+0000] {dag.py:3036} INFO - Sync 1 DAGs
[2026-07-25T16:18:21.277+0000] {logging_mixin.py:188} INFO - [2026-07-25T16:18:21.277+0000] {dag.py:3823} INFO - Setting next_dagrun for retail_etl_pipeline_dag to 2026-07-24 00:00:00+00:00, run_after=2026-07-25 00:00:00+00:00
[2026-07-25T16:18:21.293+0000] {processor.py:183} INFO - Processing /opt/airflow/dags/retail_etl_dag.py took 0.344 seconds
[2026-07-25T16:18:51.455+0000] {processor.py:161} INFO - Started process (PID=109) to work on /opt/airflow/dags/retail_etl_dag.py
[2026-07-25T16:18:51.457+0000] {processor.py:830} INFO - Processing file /opt/airflow/dags/retail_etl_dag.py for tasks to queue
[2026-07-25T16:18:51.459+0000] {logging_mixin.py:188} INFO - [2026-07-25T16:18:51.458+0000] {dagbag.py:538} INFO - Filling up the DagBag from /opt/airflow/dags/retail_etl_dag.py
[2026-07-25T16:18:51.952+0000] {processor.py:840} INFO - DAG(s) 'retail_etl_pipeline_dag' retrieved from /opt/airflow/dags/retail_etl_dag.py
[2026-07-25T16:18:51.985+0000] {logging_mixin.py:188} INFO - [2026-07-25T16:18:51.983+0000] {dag.py:3036} INFO - Sync 1 DAGs
[2026-07-25T16:18:52.015+0000] {logging_mixin.py:188} INFO - [2026-07-25T16:18:52.015+0000] {dag.py:3823} INFO - Setting next_dagrun for retail_etl_pipeline_dag to 2026-07-24 00:00:00+00:00, run_after=2026-07-25 00:00:00+00:00
[2026-07-25T16:18:52.041+0000] {processor.py:183} INFO - Processing /opt/airflow/dags/retail_etl_dag.py took 0.594 seconds
[2026-07-25T16:19:22.213+0000] {processor.py:161} INFO - Started process (PID=111) to work on /opt/airflow/dags/retail_etl_dag.py
[2026-07-25T16:19:22.215+0000] {processor.py:830} INFO - Processing file /opt/airflow/dags/retail_etl_dag.py for tasks to queue
[2026-07-25T16:19:22.216+0000] {logging_mixin.py:188} INFO - [2026-07-25T16:19:22.215+0000] {dagbag.py:538} INFO - Filling up the DagBag from /opt/airflow/dags/retail_etl_dag.py
[2026-07-25T16:19:22.489+0000] {processor.py:840} INFO - DAG(s) 'retail_etl_pipeline_dag' retrieved from /opt/airflow/dags/retail_etl_dag.py
[2026-07-25T16:19:22.511+0000] {logging_mixin.py:188} INFO - [2026-07-25T16:19:22.510+0000] {dag.py:3036} INFO - Sync 1 DAGs
[2026-07-25T16:19:22.529+0000] {logging_mixin.py:188} INFO - [2026-07-25T16:19:22.529+0000] {dag.py:3823} INFO - Setting next_dagrun for retail_etl_pipeline_dag to 2026-07-24 00:00:00+00:00, run_after=2026-07-25 00:00:00+00:00
[2026-07-25T16:19:22.574+0000] {processor.py:183} INFO - Processing /opt/airflow/dags/retail_etl_dag.py took 0.364 seconds
[2026-07-25T16:19:52.688+0000] {processor.py:161} INFO - Started process (PID=113) to work on /opt/airflow/dags/retail_etl_dag.py
[2026-07-25T16:19:52.689+0000] {processor.py:830} INFO - Processing file /opt/airflow/dags/retail_etl_dag.py for tasks to queue
[2026-07-25T16:19:52.690+0000] {logging_mixin.py:188} INFO - [2026-07-25T16:19:52.690+0000] {dagbag.py:538} INFO - Filling up the DagBag from /opt/airflow/dags/retail_etl_dag.py
[2026-07-25T16:19:52.949+0000] {processor.py:840} INFO - DAG(s) 'retail_etl_pipeline_dag' retrieved from /opt/airflow/dags/retail_etl_dag.py
[2026-07-25T16:19:52.964+0000] {logging_mixin.py:188} INFO - [2026-07-25T16:19:52.963+0000] {dag.py:3036} INFO - Sync 1 DAGs
[2026-07-25T16:19:52.977+0000] {logging_mixin.py:188} INFO - [2026-07-25T16:19:52.977+0000] {dag.py:3823} INFO - Setting next_dagrun for retail_etl_pipeline_dag to 2026-07-24 00:00:00+00:00, run_after=2026-07-25 00:00:00+00:00
[2026-07-25T16:19:53.017+0000] {processor.py:183} INFO - Processing /opt/airflow/dags/retail_etl_dag.py took 0.331 seconds
[2026-07-25T16:20:23.182+0000] {processor.py:161} INFO - Started process (PID=115) to work on /opt/airflow/dags/retail_etl_dag.py
[2026-07-25T16:20:23.183+0000] {processor.py:830} INFO - Processing file /opt/airflow/dags/retail_etl_dag.py for tasks to queue
[2026-07-25T16:20:23.184+0000] {logging_mixin.py:188} INFO - [2026-07-25T16:20:23.184+0000] {dagbag.py:538} INFO - Filling up the DagBag from /opt/airflow/dags/retail_etl_dag.py
[2026-07-25T16:20:23.452+0000] {processor.py:840} INFO - DAG(s) 'retail_etl_pipeline_dag' retrieved from /opt/airflow/dags/retail_etl_dag.py
[2026-07-25T16:20:23.465+0000] {logging_mixin.py:188} INFO - [2026-07-25T16:20:23.465+0000] {dag.py:3036} INFO - Sync 1 DAGs
[2026-07-25T16:20:23.479+0000] {logging_mixin.py:188} INFO - [2026-07-25T16:20:23.478+0000] {dag.py:3823} INFO - Setting next_dagrun for retail_etl_pipeline_dag to 2026-07-24 00:00:00+00:00, run_after=2026-07-25 00:00:00+00:00
[2026-07-25T16:20:23.496+0000] {processor.py:183} INFO - Processing /opt/airflow/dags/retail_etl_dag.py took 0.317 seconds
[2026-07-25T16:20:53.652+0000] {processor.py:161} INFO - Started process (PID=117) to work on /opt/airflow/dags/retail_etl_dag.py
[2026-07-25T16:20:53.653+0000] {processor.py:830} INFO - Processing file /opt/airflow/dags/retail_etl_dag.py for tasks to queue
[2026-07-25T16:20:53.654+0000] {logging_mixin.py:188} INFO - [2026-07-25T16:20:53.654+0000] {dagbag.py:538} INFO - Filling up the DagBag from /opt/airflow/dags/retail_etl_dag.py
[2026-07-25T16:20:53.958+0000] {processor.py:840} INFO - DAG(s) 'retail_etl_pipeline_dag' retrieved from /opt/airflow/dags/retail_etl_dag.py
[2026-07-25T16:20:53.973+0000] {logging_mixin.py:188} INFO - [2026-07-25T16:20:53.973+0000] {dag.py:3036} INFO - Sync 1 DAGs
[2026-07-25T16:20:53.989+0000] {logging_mixin.py:188} INFO - [2026-07-25T16:20:53.989+0000] {dag.py:3823} INFO - Setting next_dagrun for retail_etl_pipeline_dag to 2026-07-24 00:00:00+00:00, run_after=2026-07-25 00:00:00+00:00
[2026-07-25T16:20:54.007+0000] {processor.py:183} INFO - Processing /opt/airflow/dags/retail_etl_dag.py took 0.363 seconds
[2026-07-25T16:21:24.127+0000] {processor.py:161} INFO - Started process (PID=119) to work on /opt/airflow/dags/retail_etl_dag.py
[2026-07-25T16:21:24.129+0000] {processor.py:830} INFO - Processing file /opt/airflow/dags/retail_etl_dag.py for tasks to queue
[2026-07-25T16:21:24.130+0000] {logging_mixin.py:188} INFO - [2026-07-25T16:21:24.129+0000] {dagbag.py:538} INFO - Filling up the DagBag from /opt/airflow/dags/retail_etl_dag.py
[2026-07-25T16:21:24.393+0000] {processor.py:840} INFO - DAG(s) 'retail_etl_pipeline_dag' retrieved from /opt/airflow/dags/retail_etl_dag.py
[2026-07-25T16:21:24.408+0000] {logging_mixin.py:188} INFO - [2026-07-25T16:21:24.407+0000] {dag.py:3036} INFO - Sync 1 DAGs
[2026-07-25T16:21:24.424+0000] {logging_mixin.py:188} INFO - [2026-07-25T16:21:24.424+0000] {dag.py:3823} INFO - Setting next_dagrun for retail_etl_pipeline_dag to 2026-07-24 00:00:00+00:00, run_after=2026-07-25 00:00:00+00:00
[2026-07-25T16:21:24.442+0000] {processor.py:183} INFO - Processing /opt/airflow/dags/retail_etl_dag.py took 0.317 seconds
[2026-07-25T16:21:54.580+0000] {processor.py:161} INFO - Started process (PID=121) to work on /opt/airflow/dags/retail_etl_dag.py
[2026-07-25T16:21:54.581+0000] {processor.py:830} INFO - Processing file /opt/airflow/dags/retail_etl_dag.py for tasks to queue
[2026-07-25T16:21:54.583+0000] {logging_mixin.py:188} INFO - [2026-07-25T16:21:54.582+0000] {dagbag.py:538} INFO - Filling up the DagBag from /opt/airflow/dags/retail_etl_dag.py
[2026-07-25T16:21:54.943+0000] {processor.py:840} INFO - DAG(s) 'retail_etl_pipeline_dag' retrieved from /opt/airflow/dags/retail_etl_dag.py
[2026-07-25T16:21:54.961+0000] {logging_mixin.py:188} INFO - [2026-07-25T16:21:54.961+0000] {dag.py:3036} INFO - Sync 1 DAGs
[2026-07-25T16:21:54.978+0000] {logging_mixin.py:188} INFO - [2026-07-25T16:21:54.978+0000] {dag.py:3823} INFO - Setting next_dagrun for retail_etl_pipeline_dag to 2026-07-24 00:00:00+00:00, run_after=2026-07-25 00:00:00+00:00
[2026-07-25T16:21:55.013+0000] {processor.py:183} INFO - Processing /opt/airflow/dags/retail_etl_dag.py took 0.436 seconds
[2026-07-25T16:22:25.143+0000] {processor.py:161} INFO - Started process (PID=123) to work on /opt/airflow/dags/retail_etl_dag.py
[2026-07-25T16:22:25.144+0000] {processor.py:830} INFO - Processing file /opt/airflow/dags/retail_etl_dag.py for tasks to queue
[2026-07-25T16:22:25.145+0000] {logging_mixin.py:188} INFO - [2026-07-25T16:22:25.145+0000] {dagbag.py:538} INFO - Filling up the DagBag from /opt/airflow/dags/retail_etl_dag.py
[2026-07-25T16:22:25.428+0000] {processor.py:840} INFO - DAG(s) 'retail_etl_pipeline_dag' retrieved from /opt/airflow/dags/retail_etl_dag.py
[2026-07-25T16:22:25.445+0000] {logging_mixin.py:188} INFO - [2026-07-25T16:22:25.443+0000] {dag.py:3036} INFO - Sync 1 DAGs
[2026-07-25T16:22:25.461+0000] {logging_mixin.py:188} INFO - [2026-07-25T16:22:25.461+0000] {dag.py:3823} INFO - Setting next_dagrun for retail_etl_pipeline_dag to 2026-07-24 00:00:00+00:00, run_after=2026-07-25 00:00:00+00:00
[2026-07-25T16:22:25.478+0000] {processor.py:183} INFO - Processing /opt/airflow/dags/retail_etl_dag.py took 0.339 seconds
[2026-07-25T16:22:55.620+0000] {processor.py:161} INFO - Started process (PID=125) to work on /opt/airflow/dags/retail_etl_dag.py
[2026-07-25T16:22:55.622+0000] {processor.py:830} INFO - Processing file /opt/airflow/dags/retail_etl_dag.py for tasks to queue
[2026-07-25T16:22:55.622+0000] {logging_mixin.py:188} INFO - [2026-07-25T16:22:55.622+0000] {dagbag.py:538} INFO - Filling up the DagBag from /opt/airflow/dags/retail_etl_dag.py
[2026-07-25T16:22:55.901+0000] {processor.py:840} INFO - DAG(s) 'retail_etl_pipeline_dag' retrieved from /opt/airflow/dags/retail_etl_dag.py
[2026-07-25T16:22:55.918+0000] {logging_mixin.py:188} INFO - [2026-07-25T16:22:55.918+0000] {dag.py:3036} INFO - Sync 1 DAGs
[2026-07-25T16:22:55.933+0000] {logging_mixin.py:188} INFO - [2026-07-25T16:22:55.933+0000] {dag.py:3823} INFO - Setting next_dagrun for retail_etl_pipeline_dag to 2026-07-24 00:00:00+00:00, run_after=2026-07-25 00:00:00+00:00
[2026-07-25T16:22:55.952+0000] {processor.py:183} INFO - Processing /opt/airflow/dags/retail_etl_dag.py took 0.334 seconds
[2026-07-25T16:23:26.131+0000] {processor.py:161} INFO - Started process (PID=127) to work on /opt/airflow/dags/retail_etl_dag.py
[2026-07-25T16:23:26.132+0000] {processor.py:830} INFO - Processing file /opt/airflow/dags/retail_etl_dag.py for tasks to queue
[2026-07-25T16:23:26.134+0000] {logging_mixin.py:188} INFO - [2026-07-25T16:23:26.133+0000] {dagbag.py:538} INFO - Filling up the DagBag from /opt/airflow/dags/retail_etl_dag.py
[2026-07-25T16:23:26.700+0000] {processor.py:840} INFO - DAG(s) 'retail_etl_pipeline_dag' retrieved from /opt/airflow/dags/retail_etl_dag.py
[2026-07-25T16:23:26.727+0000] {logging_mixin.py:188} INFO - [2026-07-25T16:23:26.726+0000] {dag.py:3036} INFO - Sync 1 DAGs
[2026-07-25T16:23:26.767+0000] {logging_mixin.py:188} INFO - [2026-07-25T16:23:26.765+0000] {dag.py:3823} INFO - Setting next_dagrun for retail_etl_pipeline_dag to 2026-07-24 00:00:00+00:00, run_after=2026-07-25 00:00:00+00:00
[2026-07-25T16:23:26.804+0000] {processor.py:183} INFO - Processing /opt/airflow/dags/retail_etl_dag.py took 0.679 seconds
[2026-07-25T16:23:57.136+0000] {processor.py:161} INFO - Started process (PID=129) to work on /opt/airflow/dags/retail_etl_dag.py
[2026-07-25T16:23:57.139+0000] {processor.py:830} INFO - Processing file /opt/airflow/dags/retail_etl_dag.py for tasks to queue
[2026-07-25T16:23:57.150+0000] {logging_mixin.py:188} INFO - [2026-07-25T16:23:57.145+0000] {dagbag.py:538} INFO - Filling up the DagBag from /opt/airflow/dags/retail_etl_dag.py
[2026-07-25T16:23:59.385+0000] {processor.py:840} INFO - DAG(s) 'retail_etl_pipeline_dag' retrieved from /opt/airflow/dags/retail_etl_dag.py
[2026-07-25T16:23:59.423+0000] {logging_mixin.py:188} INFO - [2026-07-25T16:23:59.421+0000] {dag.py:3036} INFO - Sync 1 DAGs
[2026-07-25T16:23:59.478+0000] {logging_mixin.py:188} INFO - [2026-07-25T16:23:59.477+0000] {dag.py:3823} INFO - Setting next_dagrun for retail_etl_pipeline_dag to 2026-07-24 00:00:00+00:00, run_after=2026-07-25 00:00:00+00:00
[2026-07-25T16:23:59.545+0000] {processor.py:183} INFO - Processing /opt/airflow/dags/retail_etl_dag.py took 2.424 seconds
[2026-07-25T16:24:29.696+0000] {processor.py:161} INFO - Started process (PID=131) to work on /opt/airflow/dags/retail_etl_dag.py
[2026-07-25T16:24:29.697+0000] {processor.py:830} INFO - Processing file /opt/airflow/dags/retail_etl_dag.py for tasks to queue
[2026-07-25T16:24:29.699+0000] {logging_mixin.py:188} INFO - [2026-07-25T16:24:29.698+0000] {dagbag.py:538} INFO - Filling up the DagBag from /opt/airflow/dags/retail_etl_dag.py
[2026-07-25T16:24:29.994+0000] {processor.py:840} INFO - DAG(s) 'retail_etl_pipeline_dag' retrieved from /opt/airflow/dags/retail_etl_dag.py
[2026-07-25T16:24:30.013+0000] {logging_mixin.py:188} INFO - [2026-07-25T16:24:30.012+0000] {dag.py:3036} INFO - Sync 1 DAGs
[2026-07-25T16:24:30.032+0000] {logging_mixin.py:188} INFO - [2026-07-25T16:24:30.032+0000] {dag.py:3823} INFO - Setting next_dagrun for retail_etl_pipeline_dag to 2026-07-24 00:00:00+00:00, run_after=2026-07-25 00:00:00+00:00
[2026-07-25T16:24:30.050+0000] {processor.py:183} INFO - Processing /opt/airflow/dags/retail_etl_dag.py took 0.357 seconds
[2026-07-25T16:25:00.163+0000] {processor.py:161} INFO - Started process (PID=133) to work on /opt/airflow/dags/retail_etl_dag.py
[2026-07-25T16:25:00.164+0000] {processor.py:830} INFO - Processing file /opt/airflow/dags/retail_etl_dag.py for tasks to queue
[2026-07-25T16:25:00.165+0000] {logging_mixin.py:188} INFO - [2026-07-25T16:25:00.164+0000] {dagbag.py:538} INFO - Filling up the DagBag from /opt/airflow/dags/retail_etl_dag.py
[2026-07-25T16:25:00.436+0000] {processor.py:840} INFO - DAG(s) 'retail_etl_pipeline_dag' retrieved from /opt/airflow/dags/retail_etl_dag.py
[2026-07-25T16:25:00.450+0000] {logging_mixin.py:188} INFO - [2026-07-25T16:25:00.450+0000] {dag.py:3036} INFO - Sync 1 DAGs
[2026-07-25T16:25:00.467+0000] {logging_mixin.py:188} INFO - [2026-07-25T16:25:00.467+0000] {dag.py:3823} INFO - Setting next_dagrun for retail_etl_pipeline_dag to 2026-07-24 00:00:00+00:00, run_after=2026-07-25 00:00:00+00:00
[2026-07-25T16:25:00.487+0000] {processor.py:183} INFO - Processing /opt/airflow/dags/retail_etl_dag.py took 0.326 seconds
[2026-07-25T16:25:30.635+0000] {processor.py:161} INFO - Started process (PID=135) to work on /opt/airflow/dags/retail_etl_dag.py
[2026-07-25T16:25:30.636+0000] {processor.py:830} INFO - Processing file /opt/airflow/dags/retail_etl_dag.py for tasks to queue
[2026-07-25T16:25:30.637+0000] {logging_mixin.py:188} INFO - [2026-07-25T16:25:30.637+0000] {dagbag.py:538} INFO - Filling up the DagBag from /opt/airflow/dags/retail_etl_dag.py
[2026-07-25T16:25:30.950+0000] {processor.py:840} INFO - DAG(s) 'retail_etl_pipeline_dag' retrieved from /opt/airflow/dags/retail_etl_dag.py
[2026-07-25T16:25:30.969+0000] {logging_mixin.py:188} INFO - [2026-07-25T16:25:30.967+0000] {dag.py:3036} INFO - Sync 1 DAGs
[2026-07-25T16:25:30.985+0000] {logging_mixin.py:188} INFO - [2026-07-25T16:25:30.984+0000] {dag.py:3823} INFO - Setting next_dagrun for retail_etl_pipeline_dag to 2026-07-24 00:00:00+00:00, run_after=2026-07-25 00:00:00+00:00
[2026-07-25T16:25:31.004+0000] {processor.py:183} INFO - Processing /opt/airflow/dags/retail_etl_dag.py took 0.373 seconds
[2026-07-25T16:26:01.112+0000] {processor.py:161} INFO - Started process (PID=137) to work on /opt/airflow/dags/retail_etl_dag.py
[2026-07-25T16:26:01.113+0000] {processor.py:830} INFO - Processing file /opt/airflow/dags/retail_etl_dag.py for tasks to queue
[2026-07-25T16:26:01.114+0000] {logging_mixin.py:188} INFO - [2026-07-25T16:26:01.113+0000] {dagbag.py:538} INFO - Filling up the DagBag from /opt/airflow/dags/retail_etl_dag.py
[2026-07-25T16:26:01.812+0000] {processor.py:840} INFO - DAG(s) 'retail_etl_pipeline_dag' retrieved from /opt/airflow/dags/retail_etl_dag.py
[2026-07-25T16:26:01.831+0000] {logging_mixin.py:188} INFO - [2026-07-25T16:26:01.830+0000] {dag.py:3036} INFO - Sync 1 DAGs
[2026-07-25T16:26:01.847+0000] {logging_mixin.py:188} INFO - [2026-07-25T16:26:01.847+0000] {dag.py:3823} INFO - Setting next_dagrun for retail_etl_pipeline_dag to 2026-07-24 00:00:00+00:00, run_after=2026-07-25 00:00:00+00:00
[2026-07-25T16:26:01.867+0000] {processor.py:183} INFO - Processing /opt/airflow/dags/retail_etl_dag.py took 0.760 seconds
[2026-07-25T16:26:31.986+0000] {processor.py:161} INFO - Started process (PID=139) to work on /opt/airflow/dags/retail_etl_dag.py
[2026-07-25T16:26:31.987+0000] {processor.py:830} INFO - Processing file /opt/airflow/dags/retail_etl_dag.py for tasks to queue
[2026-07-25T16:26:31.989+0000] {logging_mixin.py:188} INFO - [2026-07-25T16:26:31.988+0000] {dagbag.py:538} INFO - Filling up the DagBag from /opt/airflow/dags/retail_etl_dag.py
[2026-07-25T16:26:33.030+0000] {processor.py:840} INFO - DAG(s) 'retail_etl_pipeline_dag' retrieved from /opt/airflow/dags/retail_etl_dag.py
[2026-07-25T16:26:33.073+0000] {logging_mixin.py:188} INFO - [2026-07-25T16:26:33.064+0000] {dag.py:3036} INFO - Sync 1 DAGs
[2026-07-25T16:26:33.117+0000] {logging_mixin.py:188} INFO - [2026-07-25T16:26:33.117+0000] {dag.py:3823} INFO - Setting next_dagrun for retail_etl_pipeline_dag to 2026-07-24 00:00:00+00:00, run_after=2026-07-25 00:00:00+00:00
[2026-07-25T16:26:33.172+0000] {processor.py:183} INFO - Processing /opt/airflow/dags/retail_etl_dag.py took 1.191 seconds
[2026-07-25T16:27:03.305+0000] {processor.py:161} INFO - Started process (PID=141) to work on /opt/airflow/dags/retail_etl_dag.py
[2026-07-25T16:27:03.306+0000] {processor.py:830} INFO - Processing file /opt/airflow/dags/retail_etl_dag.py for tasks to queue
[2026-07-25T16:27:03.307+0000] {logging_mixin.py:188} INFO - [2026-07-25T16:27:03.306+0000] {dagbag.py:538} INFO - Filling up the DagBag from /opt/airflow/dags/retail_etl_dag.py
[2026-07-25T16:27:03.601+0000] {processor.py:840} INFO - DAG(s) 'retail_etl_pipeline_dag' retrieved from /opt/airflow/dags/retail_etl_dag.py
[2026-07-25T16:27:03.619+0000] {logging_mixin.py:188} INFO - [2026-07-25T16:27:03.618+0000] {dag.py:3036} INFO - Sync 1 DAGs
[2026-07-25T16:27:03.637+0000] {logging_mixin.py:188} INFO - [2026-07-25T16:27:03.637+0000] {dag.py:3823} INFO - Setting next_dagrun for retail_etl_pipeline_dag to 2026-07-24 00:00:00+00:00, run_after=2026-07-25 00:00:00+00:00
[2026-07-25T16:27:03.661+0000] {processor.py:183} INFO - Processing /opt/airflow/dags/retail_etl_dag.py took 0.360 seconds
[2026-07-25T16:27:33.776+0000] {processor.py:161} INFO - Started process (PID=143) to work on /opt/airflow/dags/retail_etl_dag.py
[2026-07-25T16:27:33.777+0000] {processor.py:830} INFO - Processing file /opt/airflow/dags/retail_etl_dag.py for tasks to queue
[2026-07-25T16:27:33.778+0000] {logging_mixin.py:188} INFO - [2026-07-25T16:27:33.778+0000] {dagbag.py:538} INFO - Filling up the DagBag from /opt/airflow/dags/retail_etl_dag.py
[2026-07-25T16:27:34.054+0000] {processor.py:840} INFO - DAG(s) 'retail_etl_pipeline_dag' retrieved from /opt/airflow/dags/retail_etl_dag.py
[2026-07-25T16:27:34.070+0000] {logging_mixin.py:188} INFO - [2026-07-25T16:27:34.070+0000] {dag.py:3036} INFO - Sync 1 DAGs
[2026-07-25T16:27:34.089+0000] {logging_mixin.py:188} INFO - [2026-07-25T16:27:34.088+0000] {dag.py:3823} INFO - Setting next_dagrun for retail_etl_pipeline_dag to 2026-07-24 00:00:00+00:00, run_after=2026-07-25 00:00:00+00:00
[2026-07-25T16:27:34.109+0000] {processor.py:183} INFO - Processing /opt/airflow/dags/retail_etl_dag.py took 0.336 seconds
[2026-07-25T16:28:04.265+0000] {processor.py:161} INFO - Started process (PID=145) to work on /opt/airflow/dags/retail_etl_dag.py
[2026-07-25T16:28:04.266+0000] {processor.py:830} INFO - Processing file /opt/airflow/dags/retail_etl_dag.py for tasks to queue
[2026-07-25T16:28:04.267+0000] {logging_mixin.py:188} INFO - [2026-07-25T16:28:04.267+0000] {dagbag.py:538} INFO - Filling up the DagBag from /opt/airflow/dags/retail_etl_dag.py
[2026-07-25T16:28:04.540+0000] {processor.py:840} INFO - DAG(s) 'retail_etl_pipeline_dag' retrieved from /opt/airflow/dags/retail_etl_dag.py
[2026-07-25T16:28:04.556+0000] {logging_mixin.py:188} INFO - [2026-07-25T16:28:04.555+0000] {dag.py:3036} INFO - Sync 1 DAGs
[2026-07-25T16:28:04.572+0000] {logging_mixin.py:188} INFO - [2026-07-25T16:28:04.571+0000] {dag.py:3823} INFO - Setting next_dagrun for retail_etl_pipeline_dag to 2026-07-24 00:00:00+00:00, run_after=2026-07-25 00:00:00+00:00
[2026-07-25T16:28:04.592+0000] {processor.py:183} INFO - Processing /opt/airflow/dags/retail_etl_dag.py took 0.330 seconds
[2026-07-25T16:28:34.763+0000] {processor.py:161} INFO - Started process (PID=147) to work on /opt/airflow/dags/retail_etl_dag.py
[2026-07-25T16:28:34.766+0000] {processor.py:830} INFO - Processing file /opt/airflow/dags/retail_etl_dag.py for tasks to queue
[2026-07-25T16:28:34.768+0000] {logging_mixin.py:188} INFO - [2026-07-25T16:28:34.767+0000] {dagbag.py:538} INFO - Filling up the DagBag from /opt/airflow/dags/retail_etl_dag.py
[2026-07-25T16:28:35.119+0000] {processor.py:840} INFO - DAG(s) 'retail_etl_pipeline_dag' retrieved from /opt/airflow/dags/retail_etl_dag.py
[2026-07-25T16:28:35.138+0000] {logging_mixin.py:188} INFO - [2026-07-25T16:28:35.137+0000] {dag.py:3036} INFO - Sync 1 DAGs
[2026-07-25T16:28:35.162+0000] {logging_mixin.py:188} INFO - [2026-07-25T16:28:35.162+0000] {dag.py:3823} INFO - Setting next_dagrun for retail_etl_pipeline_dag to 2026-07-24 00:00:00+00:00, run_after=2026-07-25 00:00:00+00:00
[2026-07-25T16:28:35.186+0000] {processor.py:183} INFO - Processing /opt/airflow/dags/retail_etl_dag.py took 0.428 seconds
[2026-07-25T16:29:05.314+0000] {processor.py:161} INFO - Started process (PID=149) to work on /opt/airflow/dags/retail_etl_dag.py
[2026-07-25T16:29:05.315+0000] {processor.py:830} INFO - Processing file /opt/airflow/dags/retail_etl_dag.py for tasks to queue
[2026-07-25T16:29:05.316+0000] {logging_mixin.py:188} INFO - [2026-07-25T16:29:05.316+0000] {dagbag.py:538} INFO - Filling up the DagBag from /opt/airflow/dags/retail_etl_dag.py
[2026-07-25T16:29:05.584+0000] {processor.py:840} INFO - DAG(s) 'retail_etl_pipeline_dag' retrieved from /opt/airflow/dags/retail_etl_dag.py
[2026-07-25T16:29:05.600+0000] {logging_mixin.py:188} INFO - [2026-07-25T16:29:05.600+0000] {dag.py:3036} INFO - Sync 1 DAGs
[2026-07-25T16:29:05.615+0000] {logging_mixin.py:188} INFO - [2026-07-25T16:29:05.615+0000] {dag.py:3823} INFO - Setting next_dagrun for retail_etl_pipeline_dag to 2026-07-24 00:00:00+00:00, run_after=2026-07-25 00:00:00+00:00
[2026-07-25T16:29:05.632+0000] {processor.py:183} INFO - Processing /opt/airflow/dags/retail_etl_dag.py took 0.320 seconds
[2026-07-25T16:29:35.787+0000] {processor.py:161} INFO - Started process (PID=151) to work on /opt/airflow/dags/retail_etl_dag.py
[2026-07-25T16:29:35.788+0000] {processor.py:830} INFO - Processing file /opt/airflow/dags/retail_etl_dag.py for tasks to queue
[2026-07-25T16:29:35.789+0000] {logging_mixin.py:188} INFO - [2026-07-25T16:29:35.788+0000] {dagbag.py:538} INFO - Filling up the DagBag from /opt/airflow/dags/retail_etl_dag.py
[2026-07-25T16:29:36.083+0000] {processor.py:840} INFO - DAG(s) 'retail_etl_pipeline_dag' retrieved from /opt/airflow/dags/retail_etl_dag.py
[2026-07-25T16:29:36.100+0000] {logging_mixin.py:188} INFO - [2026-07-25T16:29:36.099+0000] {dag.py:3036} INFO - Sync 1 DAGs
[2026-07-25T16:29:36.115+0000] {logging_mixin.py:188} INFO - [2026-07-25T16:29:36.115+0000] {dag.py:3823} INFO - Setting next_dagrun for retail_etl_pipeline_dag to 2026-07-24 00:00:00+00:00, run_after=2026-07-25 00:00:00+00:00
[2026-07-25T16:29:36.146+0000] {processor.py:183} INFO - Processing /opt/airflow/dags/retail_etl_dag.py took 0.362 seconds
[2026-07-25T16:30:06.266+0000] {processor.py:161} INFO - Started process (PID=153) to work on /opt/airflow/dags/retail_etl_dag.py
[2026-07-25T16:30:06.268+0000] {processor.py:830} INFO - Processing file /opt/airflow/dags/retail_etl_dag.py for tasks to queue
[2026-07-25T16:30:06.269+0000] {logging_mixin.py:188} INFO - [2026-07-25T16:30:06.269+0000] {dagbag.py:538} INFO - Filling up the DagBag from /opt/airflow/dags/retail_etl_dag.py
[2026-07-25T16:30:06.546+0000] {processor.py:840} INFO - DAG(s) 'retail_etl_pipeline_dag' retrieved from /opt/airflow/dags/retail_etl_dag.py
[2026-07-25T16:30:06.560+0000] {logging_mixin.py:188} INFO - [2026-07-25T16:30:06.560+0000] {dag.py:3036} INFO - Sync 1 DAGs
[2026-07-25T16:30:06.574+0000] {logging_mixin.py:188} INFO - [2026-07-25T16:30:06.574+0000] {dag.py:3823} INFO - Setting next_dagrun for retail_etl_pipeline_dag to 2026-07-24 00:00:00+00:00, run_after=2026-07-25 00:00:00+00:00
[2026-07-25T16:30:06.591+0000] {processor.py:183} INFO - Processing /opt/airflow/dags/retail_etl_dag.py took 0.328 seconds
[2026-07-25T16:30:36.732+0000] {processor.py:161} INFO - Started process (PID=155) to work on /opt/airflow/dags/retail_etl_dag.py
[2026-07-25T16:30:36.733+0000] {processor.py:830} INFO - Processing file /opt/airflow/dags/retail_etl_dag.py for tasks to queue
[2026-07-25T16:30:36.734+0000] {logging_mixin.py:188} INFO - [2026-07-25T16:30:36.734+0000] {dagbag.py:538} INFO - Filling up the DagBag from /opt/airflow/dags/retail_etl_dag.py
[2026-07-25T16:30:37.013+0000] {processor.py:840} INFO - DAG(s) 'retail_etl_pipeline_dag' retrieved from /opt/airflow/dags/retail_etl_dag.py
[2026-07-25T16:30:37.027+0000] {logging_mixin.py:188} INFO - [2026-07-25T16:30:37.027+0000] {dag.py:3036} INFO - Sync 1 DAGs
[2026-07-25T16:30:37.041+0000] {logging_mixin.py:188} INFO - [2026-07-25T16:30:37.041+0000] {dag.py:3823} INFO - Setting next_dagrun for retail_etl_pipeline_dag to 2026-07-24 00:00:00+00:00, run_after=2026-07-25 00:00:00+00:00
[2026-07-25T16:30:37.060+0000] {processor.py:183} INFO - Processing /opt/airflow/dags/retail_etl_dag.py took 0.332 seconds
[2026-07-25T16:31:07.198+0000] {processor.py:161} INFO - Started process (PID=157) to work on /opt/airflow/dags/retail_etl_dag.py
[2026-07-25T16:31:07.199+0000] {processor.py:830} INFO - Processing file /opt/airflow/dags/retail_etl_dag.py for tasks to queue
[2026-07-25T16:31:07.200+0000] {logging_mixin.py:188} INFO - [2026-07-25T16:31:07.200+0000] {dagbag.py:538} INFO - Filling up the DagBag from /opt/airflow/dags/retail_etl_dag.py
[2026-07-25T16:31:07.454+0000] {processor.py:840} INFO - DAG(s) 'retail_etl_pipeline_dag' retrieved from /opt/airflow/dags/retail_etl_dag.py
[2026-07-25T16:31:07.469+0000] {logging_mixin.py:188} INFO - [2026-07-25T16:31:07.469+0000] {dag.py:3036} INFO - Sync 1 DAGs
[2026-07-25T16:31:07.485+0000] {logging_mixin.py:188} INFO - [2026-07-25T16:31:07.485+0000] {dag.py:3823} INFO - Setting next_dagrun for retail_etl_pipeline_dag to 2026-07-24 00:00:00+00:00, run_after=2026-07-25 00:00:00+00:00
[2026-07-25T16:31:07.522+0000] {processor.py:183} INFO - Processing /opt/airflow/dags/retail_etl_dag.py took 0.327 seconds
[2026-07-25T16:31:37.663+0000] {processor.py:161} INFO - Started process (PID=159) to work on /opt/airflow/dags/retail_etl_dag.py
[2026-07-25T16:31:37.664+0000] {processor.py:830} INFO - Processing file /opt/airflow/dags/retail_etl_dag.py for tasks to queue
[2026-07-25T16:31:37.665+0000] {logging_mixin.py:188} INFO - [2026-07-25T16:31:37.664+0000] {dagbag.py:538} INFO - Filling up the DagBag from /opt/airflow/dags/retail_etl_dag.py
[2026-07-25T16:31:37.923+0000] {processor.py:840} INFO - DAG(s) 'retail_etl_pipeline_dag' retrieved from /opt/airflow/dags/retail_etl_dag.py
[2026-07-25T16:31:37.939+0000] {logging_mixin.py:188} INFO - [2026-07-25T16:31:37.939+0000] {dag.py:3036} INFO - Sync 1 DAGs
[2026-07-25T16:31:37.956+0000] {logging_mixin.py:188} INFO - [2026-07-25T16:31:37.956+0000] {dag.py:3823} INFO - Setting next_dagrun for retail_etl_pipeline_dag to 2026-07-24 00:00:00+00:00, run_after=2026-07-25 00:00:00+00:00
[2026-07-25T16:31:37.973+0000] {processor.py:183} INFO - Processing /opt/airflow/dags/retail_etl_dag.py took 0.313 seconds
[2026-07-25T16:32:08.130+0000] {processor.py:161} INFO - Started process (PID=161) to work on /opt/airflow/dags/retail_etl_dag.py
[2026-07-25T16:32:08.131+0000] {processor.py:830} INFO - Processing file /opt/airflow/dags/retail_etl_dag.py for tasks to queue
[2026-07-25T16:32:08.132+0000] {logging_mixin.py:188} INFO - [2026-07-25T16:32:08.132+0000] {dagbag.py:538} INFO - Filling up the DagBag from /opt/airflow/dags/retail_etl_dag.py
[2026-07-25T16:32:08.406+0000] {processor.py:840} INFO - DAG(s) 'retail_etl_pipeline_dag' retrieved from /opt/airflow/dags/retail_etl_dag.py
[2026-07-25T16:32:08.422+0000] {logging_mixin.py:188} INFO - [2026-07-25T16:32:08.421+0000] {dag.py:3036} INFO - Sync 1 DAGs
[2026-07-25T16:32:08.440+0000] {logging_mixin.py:188} INFO - [2026-07-25T16:32:08.440+0000] {dag.py:3823} INFO - Setting next_dagrun for retail_etl_pipeline_dag to 2026-07-24 00:00:00+00:00, run_after=2026-07-25 00:00:00+00:00
[2026-07-25T16:32:08.455+0000] {processor.py:183} INFO - Processing /opt/airflow/dags/retail_etl_dag.py took 0.327 seconds
[2026-07-25T16:32:38.598+0000] {processor.py:161} INFO - Started process (PID=163) to work on /opt/airflow/dags/retail_etl_dag.py
[2026-07-25T16:32:38.599+0000] {processor.py:830} INFO - Processing file /opt/airflow/dags/retail_etl_dag.py for tasks to queue
[2026-07-25T16:32:38.600+0000] {logging_mixin.py:188} INFO - [2026-07-25T16:32:38.600+0000] {dagbag.py:538} INFO - Filling up the DagBag from /opt/airflow/dags/retail_etl_dag.py
[2026-07-25T16:32:38.895+0000] {processor.py:840} INFO - DAG(s) 'retail_etl_pipeline_dag' retrieved from /opt/airflow/dags/retail_etl_dag.py
[2026-07-25T16:32:38.914+0000] {logging_mixin.py:188} INFO - [2026-07-25T16:32:38.914+0000] {dag.py:3036} INFO - Sync 1 DAGs
[2026-07-25T16:32:38.929+0000] {logging_mixin.py:188} INFO - [2026-07-25T16:32:38.928+0000] {dag.py:3823} INFO - Setting next_dagrun for retail_etl_pipeline_dag to 2026-07-24 00:00:00+00:00, run_after=2026-07-25 00:00:00+00:00
[2026-07-25T16:32:38.946+0000] {processor.py:183} INFO - Processing /opt/airflow/dags/retail_etl_dag.py took 0.350 seconds
[2026-07-25T16:33:09.065+0000] {processor.py:161} INFO - Started process (PID=165) to work on /opt/airflow/dags/retail_etl_dag.py
[2026-07-25T16:33:09.066+0000] {processor.py:830} INFO - Processing file /opt/airflow/dags/retail_etl_dag.py for tasks to queue
[2026-07-25T16:33:09.067+0000] {logging_mixin.py:188} INFO - [2026-07-25T16:33:09.067+0000] {dagbag.py:538} INFO - Filling up the DagBag from /opt/airflow/dags/retail_etl_dag.py
[2026-07-25T16:33:09.326+0000] {processor.py:840} INFO - DAG(s) 'retail_etl_pipeline_dag' retrieved from /opt/airflow/dags/retail_etl_dag.py
[2026-07-25T16:33:09.342+0000] {logging_mixin.py:188} INFO - [2026-07-25T16:33:09.342+0000] {dag.py:3036} INFO - Sync 1 DAGs
[2026-07-25T16:33:09.359+0000] {logging_mixin.py:188} INFO - [2026-07-25T16:33:09.359+0000] {dag.py:3823} INFO - Setting next_dagrun for retail_etl_pipeline_dag to 2026-07-24 00:00:00+00:00, run_after=2026-07-25 00:00:00+00:00
[2026-07-25T16:33:09.374+0000] {processor.py:183} INFO - Processing /opt/airflow/dags/retail_etl_dag.py took 0.312 seconds
